<html>
<body>
<pre>
<h1>µVision Build Log</h1>
<h2>Tool Versions:</h2>
IDE-Version: ¦ÌVision V5.29.0.0
Copyright (C) 2019 ARM Ltd and ARM Germany GmbH. All rights reserved.
License Information: 1 banzang, 11, LIC=UJWP0-BEC22-TG57T-RKW6L-R57IZ-SMTWJ
 
Tool Versions:
Toolchain:       MDK-ARM Plus  Version: 5.29.0.0
Toolchain Path:  C:\Program Files\Keil_v5\ARM\ARMCC\Bin
C Compiler:      Armcc.exe V5.06 update 6 (build 750)
Assembler:       Armasm.exe V5.06 update 6 (build 750)
Linker/Locator:  ArmLink.exe V5.06 update 6 (build 750)
Library Manager: ArmAr.exe V5.06 update 6 (build 750)
Hex Converter:   FromElf.exe V5.06 update 6 (build 750)
CPU DLL:         SARMCM3.DLL V5.29.0.0
Dialog DLL:      DARMCM1.DLL V1.19.2.0
Target DLL:      CMSIS_AGDI.dll V1.32.0.0
Dialog DLL:      TARMCM1.DLL V1.14.1.0
 
<h2>Project:</h2>
C:\Users\banzang\Desktop\lightlightlight\program\MDK-ARM\light_test.uvprojx
Project File Date:  03/04/2026

<h2>Output:</h2>
*** Using Compiler 'V5.06 update 6 (build 750)', folder: 'C:\Program Files\Keil_v5\ARM\ARMCC\Bin'
Rebuild target 'light_test'
assembling startup_stm32f030x6.s...
compiling bsp_tim.c...
compiling stm32f0xx_hal_tim.c...
compiling stm32f0xx_it.c...
compiling gpio.c...
compiling main.c...
compiling stm32f0xx_hal_gpio.c...
compiling stm32f0xx_hal_rcc_ex.c...
compiling stm32f0xx_hal_exti.c...
compiling stm32f0xx_hal_cortex.c...
compiling stm32f0xx_hal_msp.c...
compiling stm32f0xx_hal_pwr_ex.c...
compiling stm32f0xx_hal_tim_ex.c...
compiling stm32f0xx_hal_flash.c...
compiling system_stm32f0xx.c...
compiling stm32f0xx_hal_i2c_ex.c...
compiling stm32f0xx_hal_dma.c...
compiling stm32f0xx_hal.c...
compiling stm32f0xx_hal_flash_ex.c...
compiling stm32f0xx_hal_pwr.c...
compiling stm32f0xx_hal_rcc.c...
compiling stm32f0xx_hal_i2c.c...
linking...
Program Size: Code=2750 RO-data=258 RW-data=16 ZI-data=1632  
FromELF: creating hex file...
"light_test\light_test.axf" - 0 Error(s), 0 Warning(s).

<h2>Software Packages used:</h2>

Package Vendor: ARM
                https://www.keil.com/pack/ARM.CMSIS.6.1.0.pack
                ARM.CMSIS.6.1.0
                CMSIS (Common Microcontroller Software Interface Standard)
   * Component: CORE Version: 6.1.0

Package Vendor: Keil
                http://www.keil.com/pack/Keil.STM32F0xx_DFP.2.1.0.pack
                Keil.STM32F0xx_DFP.2.1.0
                STMicroelectronics STM32F0 Series Device Support, Drivers and Examples

<h2>Collection of Component include folders:</h2>
  .\RTE\_light_test
  C:\Users\banzang\AppData\Local\Arm\Packs\ARM\CMSIS\6.1.0\CMSIS\Core\Include
  C:\Users\banzang\AppData\Local\Arm\Packs\Keil\STM32F0xx_DFP\2.1.0\Drivers\CMSIS\Device\ST\STM32F0xx\Include

<h2>Collection of Component Files used:</h2>

   * Component: ARM::CMSIS:CORE:6.1.0
      Include file:  CMSIS\Core\Include\tz_context.h
Build Time Elapsed:  00:00:01
</pre>
</body>
</html>
