Component: ARM Compiler 5.06 update 6 (build 750) Tool: armlink [4d35ed]

==============================================================================

Section Cross References

    startup_stm32f030x6.o(STACK) refers (Special) to heapauxi.o(.text) for __use_two_region_memory
    startup_stm32f030x6.o(HEAP) refers (Special) to heapauxi.o(.text) for __use_two_region_memory
    startup_stm32f030x6.o(RESET) refers (Special) to heapauxi.o(.text) for __use_two_region_memory
    startup_stm32f030x6.o(RESET) refers to startup_stm32f030x6.o(STACK) for __initial_sp
    startup_stm32f030x6.o(RESET) refers to startup_stm32f030x6.o(.text) for Reset_Handler
    startup_stm32f030x6.o(RESET) refers to stm32f0xx_it.o(i.NMI_Handler) for NMI_Handler
    startup_stm32f030x6.o(RESET) refers to stm32f0xx_it.o(i.HardFault_Handler) for HardFault_Handler
    startup_stm32f030x6.o(RESET) refers to stm32f0xx_it.o(i.SVC_Handler) for SVC_Handler
    startup_stm32f030x6.o(RESET) refers to stm32f0xx_it.o(i.PendSV_Handler) for PendSV_Handler
    startup_stm32f030x6.o(RESET) refers to stm32f0xx_it.o(i.SysTick_Handler) for SysTick_Handler
    startup_stm32f030x6.o(RESET) refers to stm32f0xx_it.o(i.DMA1_Channel1_IRQHandler) for DMA1_Channel1_IRQHandler
    startup_stm32f030x6.o(RESET) refers to stm32f0xx_it.o(i.TIM14_IRQHandler) for TIM14_IRQHandler
    startup_stm32f030x6.o(.text) refers (Special) to heapauxi.o(.text) for __use_two_region_memory
    startup_stm32f030x6.o(.text) refers to system_stm32f0xx.o(i.SystemInit) for SystemInit
    startup_stm32f030x6.o(.text) refers to __main.o(!!!main) for __main
    startup_stm32f030x6.o(.text) refers to startup_stm32f030x6.o(HEAP) for Heap_Mem
    startup_stm32f030x6.o(.text) refers to startup_stm32f030x6.o(STACK) for Stack_Mem
    program.o(i.HAL_ADC_ConvCpltCallback) refers to program.o(i.adc_update_measurements) for adc_update_measurements
    program.o(i.HAL_ADC_ConvCpltCallback) refers to stm32f0xx_hal_adc.o(i.HAL_ADC_Stop_DMA) for HAL_ADC_Stop_DMA
    program.o(i.HAL_ADC_ConvCpltCallback) refers to program.o(.data) for .data
    program.o(i.HAL_TIM_PeriodElapsedCallback) refers to stm32f0xx_hal_adc.o(i.HAL_ADC_Start_DMA) for HAL_ADC_Start_DMA
    program.o(i.HAL_TIM_PeriodElapsedCallback) refers to program.o(.data) for .data
    program.o(i.HAL_TIM_PeriodElapsedCallback) refers to adc.o(.bss) for hadc
    program.o(i.adc_update_measurements) refers to program.o(i.adc_raw_lpf_step) for adc_raw_lpf_step
    program.o(i.adc_update_measurements) refers to aeabi_sdiv.o(.text) for __aeabi_uidivmod
    program.o(i.adc_update_measurements) refers to program.o(.data) for .data
    program.o(i.adc_update_measurements) refers to program.o(.bss) for .bss
    program.o(i.boost_set_low_side_duty_permille) refers to aeabi_sdiv.o(.text) for __aeabi_uidivmod
    program.o(i.boost_set_low_side_duty_permille) refers to program.o(.data) for .data
    program.o(i.boost_set_low_side_duty_permille) refers to tim.o(.bss) for htim1
    program.o(i.hardware_config) refers to stm32f0xx_hal_gpio.o(i.HAL_GPIO_WritePin) for HAL_GPIO_WritePin
    program.o(i.hardware_config) refers to stm32f0xx_hal_tim.o(i.HAL_TIM_Base_Start_IT) for HAL_TIM_Base_Start_IT
    program.o(i.hardware_config) refers to stm32f0xx_hal_tim.o(i.HAL_TIM_PWM_Start) for HAL_TIM_PWM_Start
    program.o(i.hardware_config) refers to stm32f0xx_hal_tim_ex.o(i.HAL_TIMEx_PWMN_Start) for HAL_TIMEx_PWMN_Start
    program.o(i.hardware_config) refers to program.o(i.boost_set_low_side_duty_permille) for boost_set_low_side_duty_permille
    program.o(i.hardware_config) refers to program.o(i.light_set_dac_duty_permille) for light_set_dac_duty_permille
    program.o(i.hardware_config) refers to tim.o(.bss) for htim14
    program.o(i.light_set_dac_duty_permille) refers to aeabi_sdiv.o(.text) for __aeabi_uidivmod
    program.o(i.light_set_dac_duty_permille) refers to program.o(.data) for .data
    program.o(i.light_set_dac_duty_permille) refers to tim.o(.bss) for htim3
    program.o(i.program_task) refers to state_machine.o(i.State_M) for State_M
    program.o(i.program_task) refers to program.o(.data) for .data
    drv_pid.o(i.drv_pid_pi_init) refers to drv_pid.o(i.drv_pid_pi_reset) for drv_pid_pi_reset
    drv_pid.o(i.drv_pid_pi_reset) refers to drv_pid.o(i.drv_pid_clamp_s32) for drv_pid_clamp_s32
    drv_pid.o(i.drv_pid_pi_step) refers to drv_pid.o(i.drv_pid_clamp_s32) for drv_pid_clamp_s32
    drv_pid.o(i.drv_pid_pi_step) refers to drv_pid.o(i.drv_pid_q15_to_s32_round) for drv_pid_q15_to_s32_round
    drv_ec11.o(i.drv_ec11_init) refers to stm32f0xx_hal_gpio.o(i.HAL_GPIO_ReadPin) for HAL_GPIO_ReadPin
    drv_ec11.o(i.drv_ec11_init) refers to drv_ec11.o(i.drv_ec11_pin_to_u8) for drv_ec11_pin_to_u8
    drv_ec11.o(i.drv_ec11_init) refers to drv_ec11.o(i.drv_ec11_read_key_pressed) for drv_ec11_read_key_pressed
    drv_ec11.o(i.drv_ec11_read_key_pressed) refers to stm32f0xx_hal_gpio.o(i.HAL_GPIO_ReadPin) for HAL_GPIO_ReadPin
[...]
    Removing stm32f0xx_hal_tim.o(i.HAL_TIM_PeriodElapsedHalfCpltCallback), (2 bytes).
    Removing stm32f0xx_hal_tim.o(i.HAL_TIM_ReadCapturedValue), (44 bytes).
    Removing stm32f0xx_hal_tim.o(i.HAL_TIM_SlaveConfigSynchro), (76 bytes).
    Removing stm32f0xx_hal_tim.o(i.HAL_TIM_SlaveConfigSynchro_IT), (76 bytes).
    Removing stm32f0xx_hal_tim.o(i.HAL_TIM_TriggerHalfCpltCallback), (2 bytes).
    Removing stm32f0xx_hal_tim.o(i.TIM_DMACaptureCplt), (118 bytes).
    Removing stm32f0xx_hal_tim.o(i.TIM_DMACaptureHalfCplt), (56 bytes).
    Removing stm32f0xx_hal_tim.o(i.TIM_DMADelayPulseCplt), (102 bytes).
    Removing stm32f0xx_hal_tim.o(i.TIM_DMADelayPulseHalfCplt), (56 bytes).
    Removing stm32f0xx_hal_tim.o(i.TIM_DMAError), (84 bytes).
    Removing stm32f0xx_hal_tim.o(i.TIM_DMAPeriodElapsedCplt), (24 bytes).
    Removing stm32f0xx_hal_tim.o(i.TIM_DMAPeriodElapsedHalfCplt), (10 bytes).
    Removing stm32f0xx_hal_tim.o(i.TIM_DMATriggerCplt), (24 bytes).
    Removing stm32f0xx_hal_tim.o(i.TIM_DMATriggerHalfCplt), (10 bytes).
    Removing stm32f0xx_hal_tim.o(i.TIM_SlaveTimer_SetConfig), (140 bytes).
    Removing stm32f0xx_hal_tim.o(i.TIM_TI1_SetConfig), (68 bytes).
    Removing stm32f0xx_hal_tim.o(i.TIM_TI2_SetConfig), (52 bytes).
    Removing stm32f0xx_hal_tim_ex.o(.rev16_text), (4 bytes).
    Removing stm32f0xx_hal_tim_ex.o(.revsh_text), (4 bytes).
    Removing stm32f0xx_hal_tim_ex.o(i.HAL_TIMEx_CommutHalfCpltCallback), (2 bytes).
    Removing stm32f0xx_hal_tim_ex.o(i.HAL_TIMEx_ConfigCommutEvent), (108 bytes).
    Removing stm32f0xx_hal_tim_ex.o(i.HAL_TIMEx_ConfigCommutEvent_DMA), (140 bytes).
    Removing stm32f0xx_hal_tim_ex.o(i.HAL_TIMEx_ConfigCommutEvent_IT), (108 bytes).
    Removing stm32f0xx_hal_tim_ex.o(i.HAL_TIMEx_GetChannelNState), (30 bytes).
    Removing stm32f0xx_hal_tim_ex.o(i.HAL_TIMEx_HallSensor_DeInit), (68 bytes).
    Removing stm32f0xx_hal_tim_ex.o(i.HAL_TIMEx_HallSensor_GetState), (6 bytes).
    Removing stm32f0xx_hal_tim_ex.o(i.HAL_TIMEx_HallSensor_Init), (196 bytes).
    Removing stm32f0xx_hal_tim_ex.o(i.HAL_TIMEx_HallSensor_MspDeInit), (2 bytes).
    Removing stm32f0xx_hal_tim_ex.o(i.HAL_TIMEx_HallSensor_MspInit), (2 bytes).
    Removing stm32f0xx_hal_tim_ex.o(i.HAL_TIMEx_HallSensor_Start), (104 bytes).
    Removing stm32f0xx_hal_tim_ex.o(i.HAL_TIMEx_HallSensor_Start_DMA), (172 bytes).
    Removing stm32f0xx_hal_tim_ex.o(i.HAL_TIMEx_HallSensor_Start_IT), (112 bytes).
    Removing stm32f0xx_hal_tim_ex.o(i.HAL_TIMEx_HallSensor_Stop), (64 bytes).
    Removing stm32f0xx_hal_tim_ex.o(i.HAL_TIMEx_HallSensor_Stop_DMA), (76 bytes).
    Removing stm32f0xx_hal_tim_ex.o(i.HAL_TIMEx_HallSensor_Stop_IT), (76 bytes).
    Removing stm32f0xx_hal_tim_ex.o(i.HAL_TIMEx_OCN_Start), (128 bytes).
    Removing stm32f0xx_hal_tim_ex.o(i.HAL_TIMEx_OCN_Start_DMA), (320 bytes).
    Removing stm32f0xx_hal_tim_ex.o(i.HAL_TIMEx_OCN_Start_IT), (160 bytes).
    Removing stm32f0xx_hal_tim_ex.o(i.HAL_TIMEx_OCN_Stop), (108 bytes).
    Removing stm32f0xx_hal_tim_ex.o(i.HAL_TIMEx_OCN_Stop_DMA), (176 bytes).
    Removing stm32f0xx_hal_tim_ex.o(i.HAL_TIMEx_OCN_Stop_IT), (168 bytes).
    Removing stm32f0xx_hal_tim_ex.o(i.HAL_TIMEx_OnePulseN_Start), (98 bytes).
    Removing stm32f0xx_hal_tim_ex.o(i.HAL_TIMEx_OnePulseN_Start_IT), (116 bytes).
    Removing stm32f0xx_hal_tim_ex.o(i.HAL_TIMEx_OnePulseN_Stop), (112 bytes).
    Removing stm32f0xx_hal_tim_ex.o(i.HAL_TIMEx_OnePulseN_Stop_IT), (132 bytes).
    Removing stm32f0xx_hal_tim_ex.o(i.HAL_TIMEx_PWMN_Start_DMA), (320 bytes).
    Removing stm32f0xx_hal_tim_ex.o(i.HAL_TIMEx_PWMN_Start_IT), (160 bytes).
    Removing stm32f0xx_hal_tim_ex.o(i.HAL_TIMEx_PWMN_Stop), (108 bytes).
    Removing stm32f0xx_hal_tim_ex.o(i.HAL_TIMEx_PWMN_Stop_DMA), (176 bytes).
    Removing stm32f0xx_hal_tim_ex.o(i.HAL_TIMEx_PWMN_Stop_IT), (168 bytes).
    Removing stm32f0xx_hal_tim_ex.o(i.HAL_TIMEx_RemapConfig), (28 bytes).
    Removing stm32f0xx_hal_tim_ex.o(i.TIMEx_DMACommutationCplt), (16 bytes).
    Removing stm32f0xx_hal_tim_ex.o(i.TIMEx_DMACommutationHalfCplt), (16 bytes).
    Removing stm32f0xx_hal_tim_ex.o(i.TIM_DMADelayPulseNCplt), (80 bytes).
    Removing stm32f0xx_hal_tim_ex.o(i.TIM_DMAErrorCCxN), (62 bytes).
    Removing system_stm32f0xx.o(.rev16_text), (4 bytes).
    Removing system_stm32f0xx.o(.revsh_text), (4 bytes).
    Removing system_stm32f0xx.o(i.SystemCoreClockUpdate), (108 bytes).
    Removing system_stm32f0xx.o(.constdata), (8 bytes).
    Removing stm32f0xx_hal_dma.o(i.__ARM_common_switch8), (26 bytes).

393 unused section(s) (total 32292 bytes) removed from the image.

==============================================================================

Image Symbol Table

    Local Symbols

    Symbol Name                              Value     Ov Type        Size  Object(Section)

    ../Core/Src/adc.c                        0x00000000   Number         0  adc.o ABSOLUTE
    ../Core/Src/dma.c                        0x00000000   Number         0  dma.o ABSOLUTE
    ../Core/Src/gpio.c                       0x00000000   Number         0  gpio.o ABSOLUTE
    ../Core/Src/main.c                       0x00000000   Number         0  main.o ABSOLUTE
    ../Core/Src/stm32f0xx_hal_msp.c          0x00000000   Number         0  stm32f0xx_hal_msp.o ABSOLUTE
    ../Core/Src/stm32f0xx_it.c               0x00000000   Number         0  stm32f0xx_it.o ABSOLUTE
    ../Core/Src/system_stm32f0xx.c           0x00000000   Number         0  system_stm32f0xx.o ABSOLUTE
    ../Core/Src/tim.c                        0x00000000   Number         0  tim.o ABSOLUTE
    ../Drivers/STM32F0xx_HAL_Driver/Src/stm32f0xx_hal.c 0x00000000   Number         0  stm32f0xx_hal.o ABSOLUTE
    ../Drivers/STM32F0xx_HAL_Driver/Src/stm32f0xx_hal_adc.c 0x00000000   Number         0  stm32f0xx_hal_adc.o ABSOLUTE
    ../Drivers/STM32F0xx_HAL_Driver/Src/stm32f0xx_hal_adc_ex.c 0x00000000   Number         0  stm32f0xx_hal_adc_ex.o ABSOLUTE
    ../Drivers/STM32F0xx_HAL_Driver/Src/stm32f0xx_hal_cortex.c 0x00000000   Number         0  stm32f0xx_hal_cortex.o ABSOLUTE
    ../Drivers/STM32F0xx_HAL_Driver/Src/stm32f0xx_hal_dma.c 0x00000000   Number         0  stm32f0xx_hal_dma.o ABSOLUTE
    ../Drivers/STM32F0xx_HAL_Driver/Src/stm32f0xx_hal_exti.c 0x00000000   Number         0  stm32f0xx_hal_exti.o ABSOLUTE
    ../Drivers/STM32F0xx_HAL_Driver/Src/stm32f0xx_hal_flash.c 0x00000000   Number         0  stm32f0xx_hal_flash.o ABSOLUTE
    ../Drivers/STM32F0xx_HAL_Driver/Src/stm32f0xx_hal_flash_ex.c 0x00000000   Number         0  stm32f0xx_hal_flash_ex.o ABSOLUTE
    ../Drivers/STM32F0xx_HAL_Driver/Src/stm32f0xx_hal_gpio.c 0x00000000   Number         0  stm32f0xx_hal_gpio.o ABSOLUTE
    ../Drivers/STM32F0xx_HAL_Driver/Src/stm32f0xx_hal_i2c.c 0x00000000   Number         0  stm32f0xx_hal_i2c.o ABSOLUTE
    ../Drivers/STM32F0xx_HAL_Driver/Src/stm32f0xx_hal_i2c_ex.c 0x00000000   Number         0  stm32f0xx_hal_i2c_ex.o ABSOLUTE
    ../Drivers/STM32F0xx_HAL_Driver/Src/stm32f0xx_hal_pwr.c 0x00000000   Number         0  stm32f0xx_hal_pwr.o ABSOLUTE
    ../Drivers/STM32F0xx_HAL_Driver/Src/stm32f0xx_hal_pwr_ex.c 0x00000000   Number         0  stm32f0xx_hal_pwr_ex.o ABSOLUTE
    ../Drivers/STM32F0xx_HAL_Driver/Src/stm32f0xx_hal_rcc.c 0x00000000   Number         0  stm32f0xx_hal_rcc.o ABSOLUTE
    ../Drivers/STM32F0xx_HAL_Driver/Src/stm32f0xx_hal_rcc_ex.c 0x00000000   Number         0  stm32f0xx_hal_rcc_ex.o ABSOLUTE
    ../Drivers/STM32F0xx_HAL_Driver/Src/stm32f0xx_hal_tim.c 0x00000000   Number         0  stm32f0xx_hal_tim.o ABSOLUTE
    ../Drivers/STM32F0xx_HAL_Driver/Src/stm32f0xx_hal_tim_ex.c 0x00000000   Number         0  stm32f0xx_hal_tim_ex.o ABSOLUTE
    ../clib/angel/boardlib.s                 0x00000000   Number         0  boardinit1.o ABSOLUTE
    ../clib/angel/boardlib.s                 0x00000000   Number         0  boardshut.o ABSOLUTE
    ../clib/angel/boardlib.s                 0x00000000   Number         0  boardinit3.o ABSOLUTE
    ../clib/angel/boardlib.s                 0x00000000   Number         0  boardinit2.o ABSOLUTE
    ../clib/angel/handlers.s                 0x00000000   Number         0  __scatter_zi.o ABSOLUTE
    ../clib/angel/handlers.s                 0x00000000   Number         0  __scatter_copy.o ABSOLUTE
    ../clib/angel/kernel.s                   0x00000000   Number         0  rtexit.o ABSOLUTE
    ../clib/angel/kernel.s                   0x00000000   Number         0  __rtentry2.o ABSOLUTE
    ../clib/angel/kernel.s                   0x00000000   Number         0  __rtentry4.o ABSOLUTE
    ../clib/angel/kernel.s                   0x00000000   Number         0  __rtentry.o ABSOLUTE
    ../clib/angel/kernel.s                   0x00000000   Number         0  rtexit2.o ABSOLUTE
    ../clib/angel/rt.s                       0x00000000   Number         0  aeabi_idiv0_sigfpe.o ABSOLUTE
    ../clib/angel/rt.s                       0x00000000   Number         0  aeabi_idiv0.o ABSOLUTE
    ../clib/angel/rt.s                       0x00000000   Number         0  rt_div0.o ABSOLUTE
    ../clib/angel/rt.s                       0x00000000   Number         0  aeabi_ldiv0_sigfpe.o ABSOLUTE
    ../clib/angel/rt.s                       0x00000000   Number         0  rt_raise.o ABSOLUTE
    ../clib/angel/rt.s                       0x00000000   Number         0  aeabi_ldiv0.o ABSOLUTE
    ../clib/angel/scatterp.s                 0x00000000   Number         0  __scatter.o ABSOLUTE
    ../clib/angel/startup.s                  0x00000000   Number         0  __main.o ABSOLUTE
    ../clib/angel/sys.s                      0x00000000   Number         0  use_no_semi.o ABSOLUTE
    ../clib/angel/sys.s                      0x00000000   Number         0  sys_stackheap_outer.o ABSOLUTE
    ../clib/angel/sys.s                      0x00000000   Number         0  indicate_semi.o ABSOLUTE
    ../clib/angel/sys.s                      0x00000000   Number         0  tempstk.o ABSOLUTE
    ../clib/angel/sys.s                      0x00000000   Number         0  libspace.o ABSOLUTE
    ../clib/angel/sysapp.c                   0x00000000   Number         0  sys_command.o ABSOLUTE
    ../clib/angel/sysapp.c                   0x00000000   Number         0  sys_exit.o ABSOLUTE
    ../clib/angel/sysapp.c                   0x00000000   Number         0  sys_wrch.o ABSOLUTE
    ../clib/armsys.c                         0x00000000   Number         0  no_argv.o ABSOLUTE
    ../clib/armsys.c                         0x00000000   Number         0  _get_argv_nomalloc.o ABSOLUTE
    ../clib/armsys.c                         0x00000000   Number         0  argv_veneer.o ABSOLUTE
    ../clib/division.c                       0x00000000   Number         0  lludiv.o ABSOLUTE
    ../clib/division.s                       0x00000000   Number         0  aeabi_sdiv.o ABSOLUTE
    ../clib/division.s                       0x00000000   Number         0  aeabi_sdiv_div0.o ABSOLUTE
    ../clib/heapalloc.c                      0x00000000   Number         0  hrguard.o ABSOLUTE
    ../clib/heapaux.c                        0x00000000   Number         0  heapauxi.o ABSOLUTE
    ../clib/libinit.s                        0x00000000   Number         0  libshutdown2.o ABSOLUTE
    ../clib/libinit.s                        0x00000000   Number         0  libinit2.o ABSOLUTE
    ../clib/libinit.s                        0x00000000   Number         0  libinit.o ABSOLUTE
    ../clib/libinit.s                        0x00000000   Number         0  libshutdown.o ABSOLUTE
    ../clib/longlong.c                       0x00000000   Number         0  llushr.o ABSOLUTE
    ../clib/memcpset.c                       0x00000000   Number         0  rt_memclr.o ABSOLUTE
    ../clib/signal.c                         0x00000000   Number         0  defsig_other.o ABSOLUTE
    ../clib/signal.c                         0x00000000   Number         0  defsig_segv_inner.o ABSOLUTE
    ../clib/signal.c                         0x00000000   Number         0  defsig_cppl_inner.o ABSOLUTE
    ../clib/signal.c                         0x00000000   Number         0  defsig_pvfn_inner.o ABSOLUTE
    ../clib/signal.c                         0x00000000   Number         0  defsig_rtmem_formal.o ABSOLUTE
    ../clib/signal.c                         0x00000000   Number         0  defsig_rtmem_outer.o ABSOLUTE
    ../clib/signal.c                         0x00000000   Number         0  defsig_rtmem_inner.o ABSOLUTE
    ../clib/signal.c                         0x00000000   Number         0  defsig_abrt_inner.o ABSOLUTE
    ../clib/signal.c                         0x00000000   Number         0  defsig_exit.o ABSOLUTE
    ../clib/signal.c                         0x00000000   Number         0  defsig_fpe_inner.o ABSOLUTE
    ../clib/signal.c                         0x00000000   Number         0  __raise.o ABSOLUTE
    ../clib/signal.c                         0x00000000   Number         0  defsig_stak_inner.o ABSOLUTE
    ../clib/signal.c                         0x00000000   Number         0  defsig_rtred_inner.o ABSOLUTE
    ../clib/signal.c                         0x00000000   Number         0  defsig_fpe_outer.o ABSOLUTE
    ../clib/signal.c                         0x00000000   Number         0  defsig_fpe_formal.o ABSOLUTE
    ../clib/signal.c                         0x00000000   Number         0  defsig_general.o ABSOLUTE
    ../clib/signal.s                         0x00000000   Number         0  defsig.o ABSOLUTE
    ../clib/stdlib.c                         0x00000000   Number         0  exit.o ABSOLUTE
    ../fplib/cfplib/fpinit.c                 0x00000000   Number         0  fpinit.o ABSOLUTE
    ..\Core\Src\adc.c                        0x00000000   Number         0  adc.o ABSOLUTE
    ..\Core\Src\dma.c                        0x00000000   Number         0  dma.o ABSOLUTE
    ..\Core\Src\gpio.c                       0x00000000   Number         0  gpio.o ABSOLUTE
    ..\Core\Src\main.c                       0x00000000   Number         0  main.o ABSOLUTE
    ..\Core\Src\stm32f0xx_hal_msp.c          0x00000000   Number         0  stm32f0xx_hal_msp.o ABSOLUTE
    ..\Core\Src\stm32f0xx_it.c               0x00000000   Number         0  stm32f0xx_it.o ABSOLUTE
    ..\Core\Src\system_stm32f0xx.c           0x00000000   Number         0  system_stm32f0xx.o ABSOLUTE
    ..\Core\Src\tim.c                        0x00000000   Number         0  tim.o ABSOLUTE
    ..\Drivers\STM32F0xx_HAL_Driver\Src\stm32f0xx_hal.c 0x00000000   Number         0  stm32f0xx_hal.o ABSOLUTE
    ..\Drivers\STM32F0xx_HAL_Driver\Src\stm32f0xx_hal_adc.c 0x00000000   Number         0  stm32f0xx_hal_adc.o ABSOLUTE
    ..\Drivers\STM32F0xx_HAL_Driver\Src\stm32f0xx_hal_adc_ex.c 0x00000000   Number         0  stm32f0xx_hal_adc_ex.o ABSOLUTE
    ..\Drivers\STM32F0xx_HAL_Driver\Src\stm32f0xx_hal_cortex.c 0x00000000   Number         0  stm32f0xx_hal_cortex.o ABSOLUTE
    ..\Drivers\STM32F0xx_HAL_Driver\Src\stm32f0xx_hal_dma.c 0x00000000   Number         0  stm32f0xx_hal_dma.o ABSOLUTE
    ..\Drivers\STM32F0xx_HAL_Driver\Src\stm32f0xx_hal_exti.c 0x00000000   Number         0  stm32f0xx_hal_exti.o ABSOLUTE
    ..\Drivers\STM32F0xx_HAL_Driver\Src\stm32f0xx_hal_flash.c 0x00000000   Number         0  stm32f0xx_hal_flash.o ABSOLUTE
    ..\Drivers\STM32F0xx_HAL_Driver\Src\stm32f0xx_hal_flash_ex.c 0x00000000   Number         0  stm32f0xx_hal_flash_ex.o ABSOLUTE
    ..\Drivers\STM32F0xx_HAL_Driver\Src\stm32f0xx_hal_gpio.c 0x00000000   Number         0  stm32f0xx_hal_gpio.o ABSOLUTE
    ..\Drivers\STM32F0xx_HAL_Driver\Src\stm32f0xx_hal_i2c.c 0x00000000   Number         0  stm32f0xx_hal_i2c.o ABSOLUTE
    ..\Drivers\STM32F0xx_HAL_Driver\Src\stm32f0xx_hal_i2c_ex.c 0x00000000   Number         0  stm32f0xx_hal_i2c_ex.o ABSOLUTE
    ..\Drivers\STM32F0xx_HAL_Driver\Src\stm32f0xx_hal_pwr.c 0x00000000   Number         0  stm32f0xx_hal_pwr.o ABSOLUTE
    ..\Drivers\STM32F0xx_HAL_Driver\Src\stm32f0xx_hal_pwr_ex.c 0x00000000   Number         0  stm32f0xx_hal_pwr_ex.o ABSOLUTE
    ..\Drivers\STM32F0xx_HAL_Driver\Src\stm32f0xx_hal_rcc.c 0x00000000   Number         0  stm32f0xx_hal_rcc.o ABSOLUTE
    ..\Drivers\STM32F0xx_HAL_Driver\Src\stm32f0xx_hal_rcc_ex.c 0x00000000   Number         0  stm32f0xx_hal_rcc_ex.o ABSOLUTE
    ..\Drivers\STM32F0xx_HAL_Driver\Src\stm32f0xx_hal_tim.c 0x00000000   Number         0  stm32f0xx_hal_tim.o ABSOLUTE
    ..\Drivers\STM32F0xx_HAL_Driver\Src\stm32f0xx_hal_tim_ex.c 0x00000000   Number         0  stm32f0xx_hal_tim_ex.o ABSOLUTE
    ..\\app\\drv_EC11.c                      0x00000000   Number         0  drv_ec11.o ABSOLUTE
    ..\\app\\program.c                       0x00000000   Number         0  program.o ABSOLUTE
    ..\\app\\state_machine.c                 0x00000000   Number         0  state_machine.o ABSOLUTE
    ..\app\drv_EC11.c                        0x00000000   Number         0  drv_ec11.o ABSOLUTE
    ..\app\drv_pid.c                         0x00000000   Number         0  drv_pid.o ABSOLUTE
    ..\app\program.c                         0x00000000   Number         0  program.o ABSOLUTE
    ..\app\state_machine.c                   0x00000000   Number         0  state_machine.o ABSOLUTE
    dc.s                                     0x00000000   Number         0  dc.o ABSOLUTE
    startup_stm32f030x6.s                    0x00000000   Number         0  startup_stm32f030x6.o ABSOLUTE
    RESET                                    0x08000000   Section      176  startup_stm32f030x6.o(RESET)
    !!!main                                  0x080000b0   Section        8  __main.o(!!!main)
    !!!scatter                               0x080000b8   Section       60  __scatter.o(!!!scatter)
    !!handler_copy                           0x080000f4   Section       26  __scatter_copy.o(!!handler_copy)
    !!handler_zi                             0x08000110   Section       28  __scatter_zi.o(!!handler_zi)
    .ARM.Collect$$libinit$$00000000          0x0800012c   Section        2  libinit.o(.ARM.Collect$$libinit$$00000000)
    .ARM.Collect$$libinit$$00000002          0x0800012e   Section        0  libinit2.o(.ARM.Collect$$libinit$$00000002)
    .ARM.Collect$$libinit$$00000004          0x0800012e   Section        0  libinit2.o(.ARM.Collect$$libinit$$00000004)
    .ARM.Collect$$libinit$$0000000A          0x0800012e   Section        0  libinit2.o(.ARM.Collect$$libinit$$0000000A)
    .ARM.Collect$$libinit$$0000000C          0x0800012e   Section        0  libinit2.o(.ARM.Collect$$libinit$$0000000C)
    .ARM.Collect$$libinit$$0000000E          0x0800012e   Section        0  libinit2.o(.ARM.Collect$$libinit$$0000000E)
    .ARM.Collect$$libinit$$00000011          0x0800012e   Section        0  libinit2.o(.ARM.Collect$$libinit$$00000011)
    .ARM.Collect$$libinit$$00000013          0x0800012e   Section        0  libinit2.o(.ARM.Collect$$libinit$$00000013)
    .ARM.Collect$$libinit$$00000015          0x0800012e   Section        0  libinit2.o(.ARM.Collect$$libinit$$00000015)
    .ARM.Collect$$libinit$$00000017          0x0800012e   Section        0  libinit2.o(.ARM.Collect$$libinit$$00000017)
    .ARM.Collect$$libinit$$00000019          0x0800012e   Section        0  libinit2.o(.ARM.Collect$$libinit$$00000019)
    .ARM.Collect$$libinit$$0000001B          0x0800012e   Section        0  libinit2.o(.ARM.Collect$$libinit$$0000001B)
    .ARM.Collect$$libinit$$0000001D          0x0800012e   Section        0  libinit2.o(.ARM.Collect$$libinit$$0000001D)
    .ARM.Collect$$libinit$$0000001F          0x0800012e   Section        0  libinit2.o(.ARM.Collect$$libinit$$0000001F)
    .ARM.Collect$$libinit$$00000021          0x0800012e   Section        0  libinit2.o(.ARM.Collect$$libinit$$00000021)
    .ARM.Collect$$libinit$$00000023          0x0800012e   Section        0  libinit2.o(.ARM.Collect$$libinit$$00000023)
    .ARM.Collect$$libinit$$00000025          0x0800012e   Section        0  libinit2.o(.ARM.Collect$$libinit$$00000025)
    .ARM.Collect$$libinit$$0000002C          0x0800012e   Section        0  libinit2.o(.ARM.Collect$$libinit$$0000002C)
    .ARM.Collect$$libinit$$0000002E          0x0800012e   Section        0  libinit2.o(.ARM.Collect$$libinit$$0000002E)
    .ARM.Collect$$libinit$$00000030          0x0800012e   Section        0  libinit2.o(.ARM.Collect$$libinit$$00000030)
    .ARM.Collect$$libinit$$00000032          0x0800012e   Section        0  libinit2.o(.ARM.Collect$$libinit$$00000032)
    .ARM.Collect$$libinit$$00000033          0x0800012e   Section        2  libinit2.o(.ARM.Collect$$libinit$$00000033)
    .ARM.Collect$$libshutdown$$00000000      0x08000130   Section        2  libshutdown.o(.ARM.Collect$$libshutdown$$00000000)
    .ARM.Collect$$libshutdown$$00000002      0x08000132   Section        0  libshutdown2.o(.ARM.Collect$$libshutdown$$00000002)
    .ARM.Collect$$libshutdown$$00000004      0x08000132   Section        0  libshutdown2.o(.ARM.Collect$$libshutdown$$00000004)
    .ARM.Collect$$libshutdown$$00000007      0x08000132   Section        0  libshutdown2.o(.ARM.Collect$$libshutdown$$00000007)
    .ARM.Collect$$libshutdown$$0000000A      0x08000132   Section        0  libshutdown2.o(.ARM.Collect$$libshutdown$$0000000A)
    .ARM.Collect$$libshutdown$$0000000C      0x08000132   Section        0  libshutdown2.o(.ARM.Collect$$libshutdown$$0000000C)
    .ARM.Collect$$libshutdown$$0000000F      0x08000132   Section        0  libshutdown2.o(.ARM.Collect$$libshutdown$$0000000F)
    .ARM.Collect$$libshutdown$$00000010      0x08000132   Section        2  libshutdown2.o(.ARM.Collect$$libshutdown$$00000010)
    .ARM.Collect$$rtentry$$00000000          0x08000134   Section        0  __rtentry.o(.ARM.Collect$$rtentry$$00000000)
    .ARM.Collect$$rtentry$$00000002          0x08000134   Section        0  __rtentry2.o(.ARM.Collect$$rtentry$$00000002)
    .ARM.Collect$$rtentry$$00000004          0x08000134   Section        6  __rtentry4.o(.ARM.Collect$$rtentry$$00000004)
    .ARM.Collect$$rtentry$$00000009          0x0800013a   Section        0  __rtentry2.o(.ARM.Collect$$rtentry$$00000009)
    .ARM.Collect$$rtentry$$0000000A          0x0800013a   Section        4  __rtentry2.o(.ARM.Collect$$rtentry$$0000000A)
    .ARM.Collect$$rtentry$$0000000C          0x0800013e   Section        0  __rtentry2.o(.ARM.Collect$$rtentry$$0000000C)
    .ARM.Collect$$rtentry$$0000000D          0x0800013e   Section        8  __rtentry2.o(.ARM.Collect$$rtentry$$0000000D)
    .ARM.Collect$$rtexit$$00000000           0x08000146   Section        2  rtexit.o(.ARM.Collect$$rtexit$$00000000)
    .ARM.Collect$$rtexit$$00000002           0x08000148   Section        0  rtexit2.o(.ARM.Collect$$rtexit$$00000002)
    .ARM.Collect$$rtexit$$00000003           0x08000148   Section        4  rtexit2.o(.ARM.Collect$$rtexit$$00000003)
    .ARM.Collect$$rtexit$$00000004           0x0800014c   Section        6  rtexit2.o(.ARM.Collect$$rtexit$$00000004)
    .text                                    0x08000154   Section       56  startup_stm32f030x6.o(.text)
    .text                                    0x0800018c   Section        0  lludiv.o(.text)
    .text                                    0x0800028e   Section        0  rt_memclr.o(.text)
    .text                                    0x080002ce   Section      346  aeabi_sdiv.o(.text)
    .text                                    0x08000428   Section        0  heapauxi.o(.text)
    .text                                    0x0800042e   Section       62  sys_stackheap_outer.o(.text)
    .text                                    0x0800046c   Section        0  exit.o(.text)
    .text                                    0x0800047c   Section        8  libspace.o(.text)
    .text                                    0x08000484   Section        0  sys_exit.o(.text)
    .text                                    0x08000490   Section        2  use_no_semi.o(.text)
    .text                                    0x08000492   Section        0  indicate_semi.o(.text)
    i.ADC_ConversionStop                     0x08000492   Section        0  stm32f0xx_hal_adc.o(i.ADC_ConversionStop)
    ADC_ConversionStop                       0x08000493   Thumb Code    90  stm32f0xx_hal_adc.o(i.ADC_ConversionStop)
    i.ADC_DMAConvCplt                        0x080004ec   Section        0  stm32f0xx_hal_adc.o(i.ADC_DMAConvCplt)
    ADC_DMAConvCplt                          0x080004ed   Thumb Code   108  stm32f0xx_hal_adc.o(i.ADC_DMAConvCplt)
    i.ADC_DMAError                           0x08000558   Section        0  stm32f0xx_hal_adc.o(i.ADC_DMAError)
    ADC_DMAError                             0x08000559   Thumb Code    26  stm32f0xx_hal_adc.o(i.ADC_DMAError)
    i.ADC_DMAHalfConvCplt                    0x08000572   Section        0  stm32f0xx_hal_adc.o(i.ADC_DMAHalfConvCplt)
    ADC_DMAHalfConvCplt                      0x08000573   Thumb Code    10  stm32f0xx_hal_adc.o(i.ADC_DMAHalfConvCplt)
    i.ADC_Disable                            0x0800057c   Section        0  stm32f0xx_hal_adc.o(i.ADC_Disable)
    ADC_Disable                              0x0800057d   Thumb Code   110  stm32f0xx_hal_adc.o(i.ADC_Disable)
    i.ADC_Enable                             0x080005ec   Section        0  stm32f0xx_hal_adc.o(i.ADC_Enable)
    ADC_Enable                               0x080005ed   Thumb Code   130  stm32f0xx_hal_adc.o(i.ADC_Enable)
    i.DMA1_Channel1_IRQHandler               0x0800067c   Section        0  stm32f0xx_it.o(i.DMA1_Channel1_IRQHandler)
    i.DMA_CalcBaseAndBitshift                0x0800068c   Section        0  stm32f0xx_hal_dma.o(i.DMA_CalcBaseAndBitshift)
    DMA_CalcBaseAndBitshift                  0x0800068d   Thumb Code    26  stm32f0xx_hal_dma.o(i.DMA_CalcBaseAndBitshift)
    i.DMA_SetConfig                          0x080006b0   Section        0  stm32f0xx_hal_dma.o(i.DMA_SetConfig)
    DMA_SetConfig                            0x080006b1   Thumb Code    40  stm32f0xx_hal_dma.o(i.DMA_SetConfig)
    i.Error_Handler                          0x080006d8   Section        0  main.o(i.Error_Handler)
    i.HAL_ADCEx_Calibration_Start            0x080006dc   Section        0  stm32f0xx_hal_adc_ex.o(i.HAL_ADCEx_Calibration_Start)
    i.HAL_ADC_ConfigChannel                  0x08000794   Section        0  stm32f0xx_hal_adc.o(i.HAL_ADC_ConfigChannel)
    i.HAL_ADC_ConvCpltCallback               0x080008a4   Section        0  program.o(i.HAL_ADC_ConvCpltCallback)
    i.HAL_ADC_ConvHalfCpltCallback           0x080008d4   Section        0  stm32f0xx_hal_adc.o(i.HAL_ADC_ConvHalfCpltCallback)
    i.HAL_ADC_ErrorCallback                  0x080008d6   Section        0  stm32f0xx_hal_adc.o(i.HAL_ADC_ErrorCallback)
    i.HAL_ADC_Init                           0x080008d8   Section        0  stm32f0xx_hal_adc.o(i.HAL_ADC_Init)
    i.HAL_ADC_MspInit                        0x08000a50   Section        0  adc.o(i.HAL_ADC_MspInit)
    i.HAL_ADC_Start_DMA                      0x08000ad8   Section        0  stm32f0xx_hal_adc.o(i.HAL_ADC_Start_DMA)
    i.HAL_ADC_Stop_DMA                       0x08000b78   Section        0  stm32f0xx_hal_adc.o(i.HAL_ADC_Stop_DMA)
    i.HAL_DMA_Abort                          0x08000bf0   Section        0  stm32f0xx_hal_dma.o(i.HAL_DMA_Abort)
    i.HAL_DMA_IRQHandler                     0x08000c30   Section        0  stm32f0xx_hal_dma.o(i.HAL_DMA_IRQHandler)
    i.HAL_DMA_Init                           0x08000ccc   Section        0  stm32f0xx_hal_dma.o(i.HAL_DMA_Init)
    i.HAL_DMA_Start_IT                       0x08000d20   Section        0  stm32f0xx_hal_dma.o(i.HAL_DMA_Start_IT)
    i.HAL_GPIO_Init                          0x08000d8c   Section        0  stm32f0xx_hal_gpio.o(i.HAL_GPIO_Init)
    i.HAL_GPIO_ReadPin                       0x08000f30   Section        0  stm32f0xx_hal_gpio.o(i.HAL_GPIO_ReadPin)
    i.HAL_GPIO_WritePin                      0x08000f3a   Section        0  stm32f0xx_hal_gpio.o(i.HAL_GPIO_WritePin)
    i.HAL_GetTick                            0x08000f48   Section        0  stm32f0xx_hal.o(i.HAL_GetTick)
    i.HAL_IncTick                            0x08000f54   Section        0  stm32f0xx_hal.o(i.HAL_IncTick)
    i.HAL_Init                               0x08000f64   Section        0  stm32f0xx_hal.o(i.HAL_Init)
    i.HAL_InitTick                           0x08000f84   Section        0  stm32f0xx_hal.o(i.HAL_InitTick)
    i.HAL_MspInit                            0x08000fc8   Section        0  stm32f0xx_hal_msp.o(i.HAL_MspInit)
    i.HAL_NVIC_EnableIRQ                     0x08000ff0   Section        0  stm32f0xx_hal_cortex.o(i.HAL_NVIC_EnableIRQ)
    i.HAL_NVIC_SetPriority                   0x08001008   Section        0  stm32f0xx_hal_cortex.o(i.HAL_NVIC_SetPriority)
    i.HAL_RCC_ClockConfig                    0x08001010   Section        0  stm32f0xx_hal_rcc.o(i.HAL_RCC_ClockConfig)
    i.HAL_RCC_GetSysClockFreq                0x08001118   Section        0  stm32f0xx_hal_rcc.o(i.HAL_RCC_GetSysClockFreq)
    i.HAL_RCC_OscConfig                      0x0800116c   Section        0  stm32f0xx_hal_rcc.o(i.HAL_RCC_OscConfig)
    i.HAL_SYSTICK_Config                     0x080014f4   Section        0  stm32f0xx_hal_cortex.o(i.HAL_SYSTICK_Config)
    i.HAL_TIMEx_BreakCallback                0x08001524   Section        0  stm32f0xx_hal_tim_ex.o(i.HAL_TIMEx_BreakCallback)
    i.HAL_TIMEx_CommutCallback               0x08001526   Section        0  stm32f0xx_hal_tim_ex.o(i.HAL_TIMEx_CommutCallback)
    i.HAL_TIMEx_ConfigBreakDeadTime          0x08001528   Section        0  stm32f0xx_hal_tim_ex.o(i.HAL_TIMEx_ConfigBreakDeadTime)
    i.HAL_TIMEx_MasterConfigSynchronization  0x08001588   Section        0  stm32f0xx_hal_tim_ex.o(i.HAL_TIMEx_MasterConfigSynchronization)
    i.HAL_TIMEx_PWMN_Start                   0x080015d8   Section        0  stm32f0xx_hal_tim_ex.o(i.HAL_TIMEx_PWMN_Start)
    i.HAL_TIM_Base_Init                      0x08001658   Section        0  stm32f0xx_hal_tim.o(i.HAL_TIM_Base_Init)
    i.HAL_TIM_Base_MspInit                   0x080016a0   Section        0  tim.o(i.HAL_TIM_Base_MspInit)
    i.HAL_TIM_Base_Start_IT                  0x08001704   Section        0  stm32f0xx_hal_tim.o(i.HAL_TIM_Base_Start_IT)
    i.HAL_TIM_ConfigClockSource              0x0800174c   Section        0  stm32f0xx_hal_tim.o(i.HAL_TIM_ConfigClockSource)
    i.HAL_TIM_IC_CaptureCallback             0x08001828   Section        0  stm32f0xx_hal_tim.o(i.HAL_TIM_IC_CaptureCallback)
    i.HAL_TIM_IRQHandler                     0x0800182a   Section        0  stm32f0xx_hal_tim.o(i.HAL_TIM_IRQHandler)
    i.HAL_TIM_MspPostInit                    0x08001954   Section        0  tim.o(i.HAL_TIM_MspPostInit)
    i.HAL_TIM_OC_DelayElapsedCallback        0x080019f0   Section        0  stm32f0xx_hal_tim.o(i.HAL_TIM_OC_DelayElapsedCallback)
    i.HAL_TIM_PWM_ConfigChannel              0x080019f2   Section        0  stm32f0xx_hal_tim.o(i.HAL_TIM_PWM_ConfigChannel)
    i.HAL_TIM_PWM_Init                       0x08001ac2   Section        0  stm32f0xx_hal_tim.o(i.HAL_TIM_PWM_Init)
    i.HAL_TIM_PWM_MspInit                    0x08001b0a   Section        0  stm32f0xx_hal_tim.o(i.HAL_TIM_PWM_MspInit)
    i.HAL_TIM_PWM_PulseFinishedCallback      0x08001b0c   Section        0  stm32f0xx_hal_tim.o(i.HAL_TIM_PWM_PulseFinishedCallback)
    i.HAL_TIM_PWM_Start                      0x08001b10   Section        0  stm32f0xx_hal_tim.o(i.HAL_TIM_PWM_Start)
    i.HAL_TIM_PeriodElapsedCallback          0x08001bac   Section        0  program.o(i.HAL_TIM_PeriodElapsedCallback)
    i.HAL_TIM_TriggerCallback                0x08001bf0   Section        0  stm32f0xx_hal_tim.o(i.HAL_TIM_TriggerCallback)
    i.HardFault_Handler                      0x08001bf2   Section        0  stm32f0xx_it.o(i.HardFault_Handler)
    i.MX_ADC_Init                            0x08001bf4   Section        0  adc.o(i.MX_ADC_Init)
    i.MX_DMA_Init                            0x08001c70   Section        0  dma.o(i.MX_DMA_Init)
    i.MX_GPIO_Init                           0x08001c98   Section        0  gpio.o(i.MX_GPIO_Init)
    i.MX_TIM14_Init                          0x08001d10   Section        0  tim.o(i.MX_TIM14_Init)
    i.MX_TIM1_Init                           0x08001d44   Section        0  tim.o(i.MX_TIM1_Init)
    i.MX_TIM3_Init                           0x08001e1c   Section        0  tim.o(i.MX_TIM3_Init)
    i.NMI_Handler                            0x08001ec0   Section        0  stm32f0xx_it.o(i.NMI_Handler)
    i.PendSV_Handler                         0x08001ec2   Section        0  stm32f0xx_it.o(i.PendSV_Handler)
    i.SVC_Handler                            0x08001ec4   Section        0  stm32f0xx_it.o(i.SVC_Handler)
    i.State_M                                0x08001ec8   Section        0  state_machine.o(i.State_M)
    i.SysTick_Handler                        0x08001fb4   Section        0  stm32f0xx_it.o(i.SysTick_Handler)
    i.SystemClock_Config                     0x08001fbc   Section        0  main.o(i.SystemClock_Config)
    i.SystemInit                             0x0800201a   Section        0  system_stm32f0xx.o(i.SystemInit)
    i.TIM14_IRQHandler                       0x0800201c   Section        0  stm32f0xx_it.o(i.TIM14_IRQHandler)
    i.TIM_Base_SetConfig                     0x0800202c   Section        0  stm32f0xx_hal_tim.o(i.TIM_Base_SetConfig)
    i.TIM_CCxChannelCmd                      0x080020b4   Section        0  stm32f0xx_hal_tim.o(i.TIM_CCxChannelCmd)
    i.TIM_CCxNChannelCmd                     0x080020ce   Section        0  stm32f0xx_hal_tim_ex.o(i.TIM_CCxNChannelCmd)
    TIM_CCxNChannelCmd                       0x080020cf   Thumb Code    26  stm32f0xx_hal_tim_ex.o(i.TIM_CCxNChannelCmd)
    i.TIM_ETR_SetConfig                      0x080020e8   Section        0  stm32f0xx_hal_tim.o(i.TIM_ETR_SetConfig)
    i.TIM_ITRx_SetConfig                     0x080020fe   Section        0  stm32f0xx_hal_tim.o(i.TIM_ITRx_SetConfig)
    TIM_ITRx_SetConfig                       0x080020ff   Thumb Code    16  stm32f0xx_hal_tim.o(i.TIM_ITRx_SetConfig)
    i.TIM_OC1_SetConfig                      0x08002110   Section        0  stm32f0xx_hal_tim.o(i.TIM_OC1_SetConfig)
    TIM_OC1_SetConfig                        0x08002111   Thumb Code   108  stm32f0xx_hal_tim.o(i.TIM_OC1_SetConfig)
    i.TIM_OC2_SetConfig                      0x08002188   Section        0  stm32f0xx_hal_tim.o(i.TIM_OC2_SetConfig)
    i.TIM_OC3_SetConfig                      0x080021fc   Section        0  stm32f0xx_hal_tim.o(i.TIM_OC3_SetConfig)
    TIM_OC3_SetConfig                        0x080021fd   Thumb Code   108  stm32f0xx_hal_tim.o(i.TIM_OC3_SetConfig)
    i.TIM_OC4_SetConfig                      0x08002274   Section        0  stm32f0xx_hal_tim.o(i.TIM_OC4_SetConfig)
    TIM_OC4_SetConfig                        0x08002275   Thumb Code    84  stm32f0xx_hal_tim.o(i.TIM_OC4_SetConfig)
    i.TIM_TI1_ConfigInputStage               0x080022d4   Section        0  stm32f0xx_hal_tim.o(i.TIM_TI1_ConfigInputStage)
    TIM_TI1_ConfigInputStage                 0x080022d5   Thumb Code    34  stm32f0xx_hal_tim.o(i.TIM_TI1_ConfigInputStage)
    i.TIM_TI2_ConfigInputStage               0x080022f6   Section        0  stm32f0xx_hal_tim.o(i.TIM_TI2_ConfigInputStage)
    TIM_TI2_ConfigInputStage                 0x080022f7   Thumb Code    38  stm32f0xx_hal_tim.o(i.TIM_TI2_ConfigInputStage)
    i.__ARM_common_ll_muluu                  0x0800231c   Section        0  stm32f0xx_hal_rcc.o(i.__ARM_common_ll_muluu)
    i.__NVIC_SetPriority                     0x0800234c   Section        0  stm32f0xx_hal_cortex.o(i.__NVIC_SetPriority)
    __NVIC_SetPriority                       0x0800234d   Thumb Code    60  stm32f0xx_hal_cortex.o(i.__NVIC_SetPriority)
    i.adc_raw_lpf_step                       0x08002390   Section        0  program.o(i.adc_raw_lpf_step)
    adc_raw_lpf_step                         0x08002391   Thumb Code    36  program.o(i.adc_raw_lpf_step)
    i.adc_update_measurements                0x080023b4   Section        0  program.o(i.adc_update_measurements)
    adc_update_measurements                  0x080023b5   Thumb Code   196  program.o(i.adc_update_measurements)
    i.boost_set_low_side_duty_permille       0x080024a0   Section        0  program.o(i.boost_set_low_side_duty_permille)
    i.drv_ec11_init                          0x080024d4   Section        0  drv_ec11.o(i.drv_ec11_init)
    i.drv_ec11_pin_to_u8                     0x0800251c   Section        0  drv_ec11.o(i.drv_ec11_pin_to_u8)
    drv_ec11_pin_to_u8                       0x0800251d   Thumb Code     8  drv_ec11.o(i.drv_ec11_pin_to_u8)
    i.drv_ec11_read_key_pressed              0x08002524   Section        0  drv_ec11.o(i.drv_ec11_read_key_pressed)
    drv_ec11_read_key_pressed                0x08002525   Thumb Code    24  drv_ec11.o(i.drv_ec11_read_key_pressed)
    i.drv_ec11_take_long_press_event         0x0800253c   Section        0  drv_ec11.o(i.drv_ec11_take_long_press_event)
    i.drv_ec11_take_rotate_delta             0x0800254a   Section        0  drv_ec11.o(i.drv_ec11_take_rotate_delta)
    i.drv_ec11_task                          0x0800255c   Section        0  drv_ec11.o(i.drv_ec11_task)
    i.drv_pid_clamp_s32                      0x0800261c   Section        0  drv_pid.o(i.drv_pid_clamp_s32)
    drv_pid_clamp_s32                        0x0800261d   Thumb Code    16  drv_pid.o(i.drv_pid_clamp_s32)
    i.drv_pid_pi_init                        0x0800262c   Section        0  drv_pid.o(i.drv_pid_pi_init)
    i.drv_pid_pi_reset                       0x08002650   Section        0  drv_pid.o(i.drv_pid_pi_reset)
    i.drv_pid_pi_step                        0x08002676   Section        0  drv_pid.o(i.drv_pid_pi_step)
    i.drv_pid_q15_to_s32_round               0x080026e2   Section        0  drv_pid.o(i.drv_pid_q15_to_s32_round)
    drv_pid_q15_to_s32_round                 0x080026e3   Thumb Code    22  drv_pid.o(i.drv_pid_q15_to_s32_round)
    i.hardware_config                        0x080026f8   Section        0  program.o(i.hardware_config)
    i.light_set_dac_duty_permille            0x0800274c   Section        0  program.o(i.light_set_dac_duty_permille)
    i.main                                   0x0800278c   Section        0  main.o(i.main)
    i.program_task                           0x080027c8   Section        0  program.o(i.program_task)
    i.state_machine_apply_light_dac_delta    0x080027e0   Section        0  state_machine.o(i.state_machine_apply_light_dac_delta)
    state_machine_apply_light_dac_delta      0x080027e1   Thumb Code    34  state_machine.o(i.state_machine_apply_light_dac_delta)
    i.state_machine_enter_soft_start         0x08002808   Section        0  state_machine.o(i.state_machine_enter_soft_start)
    state_machine_enter_soft_start           0x08002809   Thumb Code    72  state_machine.o(i.state_machine_enter_soft_start)
    i.state_machine_enter_standby            0x0800285c   Section        0  state_machine.o(i.state_machine_enter_standby)
    state_machine_enter_standby              0x0800285d   Thumb Code    74  state_machine.o(i.state_machine_enter_standby)
    i.state_machine_update_voltage_loop      0x080028b4   Section        0  state_machine.o(i.state_machine_update_voltage_loop)
    state_machine_update_voltage_loop        0x080028b5   Thumb Code    32  state_machine.o(i.state_machine_update_voltage_loop)
    .constdata                               0x080028e0   Section       16  drv_ec11.o(.constdata)
    phase_table                              0x080028e0   Data          16  drv_ec11.o(.constdata)
    .constdata                               0x080028f0   Section       32  stm32f0xx_hal_rcc.o(.constdata)
    aPLLMULFactorTable                       0x080028f0   Data          16  stm32f0xx_hal_rcc.o(.constdata)
    aPredivFactorTable                       0x08002900   Data          16  stm32f0xx_hal_rcc.o(.constdata)
    .constdata                               0x08002910   Section       16  system_stm32f0xx.o(.constdata)
    .data                                    0x20000000   Section       68  program.o(.data)
    adc_dma_busy                             0x20000000   Data           1  program.o(.data)
    adc_data_ready                           0x20000001   Data           1  program.o(.data)
    adc_raw_lpf_inited                       0x20000002   Data           1  program.o(.data)
    vout_adc_raw_lpf_q8                      0x2000003c   Data           4  program.o(.data)
    vds_adc_raw_lpf_q8                       0x20000040   Data           4  program.o(.data)
    .data                                    0x20000044   Section       20  state_machine.o(.data)
    .data                                    0x20000058   Section       12  stm32f0xx_hal.o(.data)
    .data                                    0x20000064   Section        4  system_stm32f0xx.o(.data)
    .bss                                     0x20000068   Section       12  program.o(.bss)
    .bss                                     0x20000074   Section       16  drv_ec11.o(.bss)
    .bss                                     0x20000084   Section       44  state_machine.o(.bss)
    .bss                                     0x200000b0   Section      132  adc.o(.bss)
    .bss                                     0x20000134   Section      216  tim.o(.bss)
    .bss                                     0x2000020c   Section       96  libspace.o(.bss)
    HEAP                                     0x20000270   Section      512  startup_stm32f030x6.o(HEAP)
    Heap_Mem                                 0x20000270   Data         512  startup_stm32f030x6.o(HEAP)
    STACK                                    0x20000470   Section     1024  startup_stm32f030x6.o(STACK)
    Stack_Mem                                0x20000470   Data        1024  startup_stm32f030x6.o(STACK)
    __initial_sp                             0x20000870   Data           0  startup_stm32f030x6.o(STACK)

    Global Symbols

    Symbol Name                              Value     Ov Type        Size  Object(Section)

    BuildAttributes$$THM_ISAv3M$S$PE$A:L22$X:L11$S22$IEEE1$IW$USESV6$~STKCKD$USESV7$~SHL$OSPACE$ROPI$EBA8$UX$STANDARDLIB$REQ8$PRES8$EABIv2 0x00000000   Number         0  anon$$obj.o ABSOLUTE
    __ARM_use_no_argv                        0x00000000   Number         0  main.o ABSOLUTE
    __ARM_exceptions_init                     - Undefined Weak Reference
    __alloca_initialize                       - Undefined Weak Reference
    __arm_preinit_                            - Undefined Weak Reference
    __cpp_initialize__aeabi_                  - Undefined Weak Reference
    __cxa_finalize                            - Undefined Weak Reference
    __rt_locale                               - Undefined Weak Reference
    __sigvec_lookup                           - Undefined Weak Reference
    _atexit_init                              - Undefined Weak Reference
    _call_atexit_fns                          - Undefined Weak Reference
    _clock_init                               - Undefined Weak Reference
    _fp_trap_init                             - Undefined Weak Reference
    _fp_trap_shutdown                         - Undefined Weak Reference
    _get_lc_collate                           - Undefined Weak Reference
    _get_lc_ctype                             - Undefined Weak Reference
    _get_lc_monetary                          - Undefined Weak Reference
    _get_lc_numeric                           - Undefined Weak Reference
    _get_lc_time                              - Undefined Weak Reference
    _getenv_init                              - Undefined Weak Reference
    _handle_redirection                       - Undefined Weak Reference
    _init_alloc                               - Undefined Weak Reference
    _init_user_alloc                          - Undefined Weak Reference
    _initio                                   - Undefined Weak Reference
    _rand_init                                - Undefined Weak Reference
    _signal_finish                            - Undefined Weak Reference
    _signal_init                              - Undefined Weak Reference
    _terminate_alloc                          - Undefined Weak Reference
    _terminate_user_alloc                     - Undefined Weak Reference
    _terminateio                              - Undefined Weak Reference
    __Vectors_Size                           0x000000b0   Number         0  startup_stm32f030x6.o ABSOLUTE
    __Vectors                                0x08000000   Data           4  startup_stm32f030x6.o(RESET)
    __Vectors_End                            0x080000b0   Data           0  startup_stm32f030x6.o(RESET)
    __main                                   0x080000b1   Thumb Code     8  __main.o(!!!main)
    __scatterload                            0x080000b9   Thumb Code     0  __scatter.o(!!!scatter)
    __scatterload_rt2                        0x080000b9   Thumb Code    52  __scatter.o(!!!scatter)
    __scatterload_rt2_thumb_only             0x080000b9   Thumb Code     0  __scatter.o(!!!scatter)
    __scatterload_null                       0x080000c9   Thumb Code     0  __scatter.o(!!!scatter)
    __scatterload_copy                       0x080000f5   Thumb Code    26  __scatter_copy.o(!!handler_copy)
    __scatterload_zeroinit                   0x08000111   Thumb Code    28  __scatter_zi.o(!!handler_zi)
    __rt_lib_init                            0x0800012d   Thumb Code     0  libinit.o(.ARM.Collect$$libinit$$00000000)
    __rt_lib_init_alloca_1                   0x0800012f   Thumb Code     0  libinit2.o(.ARM.Collect$$libinit$$0000002E)
    __rt_lib_init_argv_1                     0x0800012f   Thumb Code     0  libinit2.o(.ARM.Collect$$libinit$$0000002C)
    __rt_lib_init_atexit_1                   0x0800012f   Thumb Code     0  libinit2.o(.ARM.Collect$$libinit$$0000001B)
    __rt_lib_init_clock_1                    0x0800012f   Thumb Code     0  libinit2.o(.ARM.Collect$$libinit$$00000021)
    __rt_lib_init_cpp_1                      0x0800012f   Thumb Code     0  libinit2.o(.ARM.Collect$$libinit$$00000032)
    __rt_lib_init_exceptions_1               0x0800012f   Thumb Code     0  libinit2.o(.ARM.Collect$$libinit$$00000030)
    __rt_lib_init_fp_1                       0x0800012f   Thumb Code     0  libinit2.o(.ARM.Collect$$libinit$$00000002)
    __rt_lib_init_fp_trap_1                  0x0800012f   Thumb Code     0  libinit2.o(.ARM.Collect$$libinit$$0000001F)
    __rt_lib_init_getenv_1                   0x0800012f   Thumb Code     0  libinit2.o(.ARM.Collect$$libinit$$00000023)
    __rt_lib_init_heap_1                     0x0800012f   Thumb Code     0  libinit2.o(.ARM.Collect$$libinit$$0000000A)
    __rt_lib_init_lc_collate_1               0x0800012f   Thumb Code     0  libinit2.o(.ARM.Collect$$libinit$$00000011)
    __rt_lib_init_lc_ctype_1                 0x0800012f   Thumb Code     0  libinit2.o(.ARM.Collect$$libinit$$00000013)
    __rt_lib_init_lc_monetary_1              0x0800012f   Thumb Code     0  libinit2.o(.ARM.Collect$$libinit$$00000015)
    __rt_lib_init_lc_numeric_1               0x0800012f   Thumb Code     0  libinit2.o(.ARM.Collect$$libinit$$00000017)
    __rt_lib_init_lc_time_1                  0x0800012f   Thumb Code     0  libinit2.o(.ARM.Collect$$libinit$$00000019)
    __rt_lib_init_preinit_1                  0x0800012f   Thumb Code     0  libinit2.o(.ARM.Collect$$libinit$$00000004)
    __rt_lib_init_rand_1                     0x0800012f   Thumb Code     0  libinit2.o(.ARM.Collect$$libinit$$0000000E)
    __rt_lib_init_return                     0x0800012f   Thumb Code     0  libinit2.o(.ARM.Collect$$libinit$$00000033)
    __rt_lib_init_signal_1                   0x0800012f   Thumb Code     0  libinit2.o(.ARM.Collect$$libinit$$0000001D)
    __rt_lib_init_stdio_1                    0x0800012f   Thumb Code     0  libinit2.o(.ARM.Collect$$libinit$$00000025)
    __rt_lib_init_user_alloc_1               0x0800012f   Thumb Code     0  libinit2.o(.ARM.Collect$$libinit$$0000000C)
    __rt_lib_shutdown                        0x08000131   Thumb Code     0  libshutdown.o(.ARM.Collect$$libshutdown$$00000000)
    __rt_lib_shutdown_cpp_1                  0x08000133   Thumb Code     0  libshutdown2.o(.ARM.Collect$$libshutdown$$00000002)
    __rt_lib_shutdown_fp_trap_1              0x08000133   Thumb Code     0  libshutdown2.o(.ARM.Collect$$libshutdown$$00000007)
    __rt_lib_shutdown_heap_1                 0x08000133   Thumb Code     0  libshutdown2.o(.ARM.Collect$$libshutdown$$0000000F)
    __rt_lib_shutdown_return                 0x08000133   Thumb Code     0  libshutdown2.o(.ARM.Collect$$libshutdown$$00000010)
    __rt_lib_shutdown_signal_1               0x08000133   Thumb Code     0  libshutdown2.o(.ARM.Collect$$libshutdown$$0000000A)
    __rt_lib_shutdown_stdio_1                0x08000133   Thumb Code     0  libshutdown2.o(.ARM.Collect$$libshutdown$$00000004)
    __rt_lib_shutdown_user_alloc_1           0x08000133   Thumb Code     0  libshutdown2.o(.ARM.Collect$$libshutdown$$0000000C)
    __rt_entry                               0x08000135   Thumb Code     0  __rtentry.o(.ARM.Collect$$rtentry$$00000000)
    __rt_entry_presh_1                       0x08000135   Thumb Code     0  __rtentry2.o(.ARM.Collect$$rtentry$$00000002)
    __rt_entry_sh                            0x08000135   Thumb Code     0  __rtentry4.o(.ARM.Collect$$rtentry$$00000004)
    __rt_entry_li                            0x0800013b   Thumb Code     0  __rtentry2.o(.ARM.Collect$$rtentry$$0000000A)
    __rt_entry_postsh_1                      0x0800013b   Thumb Code     0  __rtentry2.o(.ARM.Collect$$rtentry$$00000009)
    __rt_entry_main                          0x0800013f   Thumb Code     0  __rtentry2.o(.ARM.Collect$$rtentry$$0000000D)
    __rt_entry_postli_1                      0x0800013f   Thumb Code     0  __rtentry2.o(.ARM.Collect$$rtentry$$0000000C)
    __rt_exit                                0x08000147   Thumb Code     0  rtexit.o(.ARM.Collect$$rtexit$$00000000)
    __rt_exit_ls                             0x08000149   Thumb Code     0  rtexit2.o(.ARM.Collect$$rtexit$$00000003)
    __rt_exit_prels_1                        0x08000149   Thumb Code     0  rtexit2.o(.ARM.Collect$$rtexit$$00000002)
    __rt_exit_exit                           0x0800014d   Thumb Code     0  rtexit2.o(.ARM.Collect$$rtexit$$00000004)
    Reset_Handler                            0x08000155   Thumb Code     8  startup_stm32f030x6.o(.text)
    ADC1_IRQHandler                          0x08000167   Thumb Code     0  startup_stm32f030x6.o(.text)
    DMA1_Channel2_3_IRQHandler               0x08000167   Thumb Code     0  startup_stm32f030x6.o(.text)
    DMA1_Channel4_5_IRQHandler               0x08000167   Thumb Code     0  startup_stm32f030x6.o(.text)
    EXTI0_1_IRQHandler                       0x08000167   Thumb Code     0  startup_stm32f030x6.o(.text)
    EXTI2_3_IRQHandler                       0x08000167   Thumb Code     0  startup_stm32f030x6.o(.text)
    EXTI4_15_IRQHandler                      0x08000167   Thumb Code     0  startup_stm32f030x6.o(.text)
    FLASH_IRQHandler                         0x08000167   Thumb Code     0  startup_stm32f030x6.o(.text)
    I2C1_IRQHandler                          0x08000167   Thumb Code     0  startup_stm32f030x6.o(.text)
    RCC_IRQHandler                           0x08000167   Thumb Code     0  startup_stm32f030x6.o(.text)
    RTC_IRQHandler                           0x08000167   Thumb Code     0  startup_stm32f030x6.o(.text)
    SPI1_IRQHandler                          0x08000167   Thumb Code     0  startup_stm32f030x6.o(.text)
    TIM16_IRQHandler                         0x08000167   Thumb Code     0  startup_stm32f030x6.o(.text)
    TIM17_IRQHandler                         0x08000167   Thumb Code     0  startup_stm32f030x6.o(.text)
    TIM1_BRK_UP_TRG_COM_IRQHandler           0x08000167   Thumb Code     0  startup_stm32f030x6.o(.text)
    TIM1_CC_IRQHandler                       0x08000167   Thumb Code     0  startup_stm32f030x6.o(.text)
    TIM3_IRQHandler                          0x08000167   Thumb Code     0  startup_stm32f030x6.o(.text)
    USART1_IRQHandler                        0x08000167   Thumb Code     0  startup_stm32f030x6.o(.text)
    WWDG_IRQHandler                          0x08000167   Thumb Code     0  startup_stm32f030x6.o(.text)
    __user_initial_stackheap                 0x08000169   Thumb Code     0  startup_stm32f030x6.o(.text)
    __aeabi_uldivmod                         0x0800018d   Thumb Code   258  lludiv.o(.text)
    _ll_udiv                                 0x0800018d   Thumb Code     0  lludiv.o(.text)
    _memset_w                                0x0800028f   Thumb Code    26  rt_memclr.o(.text)
    _memset                                  0x080002a9   Thumb Code    30  rt_memclr.o(.text)
    __aeabi_memclr                           0x080002c7   Thumb Code     4  rt_memclr.o(.text)
    __rt_memclr                              0x080002c7   Thumb Code     0  rt_memclr.o(.text)
    __aeabi_memclr4                          0x080002cb   Thumb Code     0  rt_memclr.o(.text)
    __aeabi_memclr8                          0x080002cb   Thumb Code     0  rt_memclr.o(.text)
    __rt_memclr_w                            0x080002cb   Thumb Code     4  rt_memclr.o(.text)
    __aeabi_uidiv                            0x080002cf   Thumb Code     0  aeabi_sdiv.o(.text)
    __aeabi_uidivmod                         0x080002cf   Thumb Code    20  aeabi_sdiv.o(.text)
    __aeabi_idiv                             0x080002e3   Thumb Code     0  aeabi_sdiv.o(.text)
    __aeabi_idivmod                          0x080002e3   Thumb Code   326  aeabi_sdiv.o(.text)
    __use_two_region_memory                  0x08000429   Thumb Code     2  heapauxi.o(.text)
    __rt_heap_escrow$2region                 0x0800042b   Thumb Code     2  heapauxi.o(.text)
    __rt_heap_expand$2region                 0x0800042d   Thumb Code     2  heapauxi.o(.text)
    __user_setup_stackheap                   0x0800042f   Thumb Code    62  sys_stackheap_outer.o(.text)
    exit                                     0x0800046d   Thumb Code    16  exit.o(.text)
    __user_libspace                          0x0800047d   Thumb Code     8  libspace.o(.text)
    __user_perproc_libspace                  0x0800047d   Thumb Code     0  libspace.o(.text)
    __user_perthread_libspace                0x0800047d   Thumb Code     0  libspace.o(.text)
    _sys_exit                                0x08000485   Thumb Code     8  sys_exit.o(.text)
    __I$use$semihosting                      0x08000491   Thumb Code     0  use_no_semi.o(.text)
    __use_no_semihosting_swi                 0x08000491   Thumb Code     2  use_no_semi.o(.text)
    __semihosting_library_function           0x08000493   Thumb Code     0  indicate_semi.o(.text)
    DMA1_Channel1_IRQHandler                 0x0800067d   Thumb Code    10  stm32f0xx_it.o(i.DMA1_Channel1_IRQHandler)
    Error_Handler                            0x080006d9   Thumb Code     4  main.o(i.Error_Handler)
    HAL_ADCEx_Calibration_Start              0x080006dd   Thumb Code   184  stm32f0xx_hal_adc_ex.o(i.HAL_ADCEx_Calibration_Start)
    HAL_ADC_ConfigChannel                    0x08000795   Thumb Code   254  stm32f0xx_hal_adc.o(i.HAL_ADC_ConfigChannel)
    HAL_ADC_ConvCpltCallback                 0x080008a5   Thumb Code    40  program.o(i.HAL_ADC_ConvCpltCallback)
    HAL_ADC_ConvHalfCpltCallback             0x080008d5   Thumb Code     2  stm32f0xx_hal_adc.o(i.HAL_ADC_ConvHalfCpltCallback)
    HAL_ADC_ErrorCallback                    0x080008d7   Thumb Code     2  stm32f0xx_hal_adc.o(i.HAL_ADC_ErrorCallback)
    HAL_ADC_Init                             0x080008d9   Thumb Code   366  stm32f0xx_hal_adc.o(i.HAL_ADC_Init)
    HAL_ADC_MspInit                          0x08000a51   Thumb Code   120  adc.o(i.HAL_ADC_MspInit)
    HAL_ADC_Start_DMA                        0x08000ad9   Thumb Code   144  stm32f0xx_hal_adc.o(i.HAL_ADC_Start_DMA)
    HAL_ADC_Stop_DMA                         0x08000b79   Thumb Code   120  stm32f0xx_hal_adc.o(i.HAL_ADC_Stop_DMA)
    HAL_DMA_Abort                            0x08000bf1   Thumb Code    64  stm32f0xx_hal_dma.o(i.HAL_DMA_Abort)
    HAL_DMA_IRQHandler                       0x08000c31   Thumb Code   156  stm32f0xx_hal_dma.o(i.HAL_DMA_IRQHandler)
    HAL_DMA_Init                             0x08000ccd   Thumb Code    78  stm32f0xx_hal_dma.o(i.HAL_DMA_Init)
    HAL_DMA_Start_IT                         0x08000d21   Thumb Code   106  stm32f0xx_hal_dma.o(i.HAL_DMA_Start_IT)
    HAL_GPIO_Init                            0x08000d8d   Thumb Code   396  stm32f0xx_hal_gpio.o(i.HAL_GPIO_Init)
    HAL_GPIO_ReadPin                         0x08000f31   Thumb Code    10  stm32f0xx_hal_gpio.o(i.HAL_GPIO_ReadPin)
    HAL_GPIO_WritePin                        0x08000f3b   Thumb Code    12  stm32f0xx_hal_gpio.o(i.HAL_GPIO_WritePin)
    HAL_GetTick                              0x08000f49   Thumb Code     6  stm32f0xx_hal.o(i.HAL_GetTick)
    HAL_IncTick                              0x08000f55   Thumb Code    12  stm32f0xx_hal.o(i.HAL_IncTick)
    HAL_Init                                 0x08000f65   Thumb Code    26  stm32f0xx_hal.o(i.HAL_Init)
    HAL_InitTick                             0x08000f85   Thumb Code    58  stm32f0xx_hal.o(i.HAL_InitTick)
    HAL_MspInit                              0x08000fc9   Thumb Code    34  stm32f0xx_hal_msp.o(i.HAL_MspInit)
    HAL_NVIC_EnableIRQ                       0x08000ff1   Thumb Code    18  stm32f0xx_hal_cortex.o(i.HAL_NVIC_EnableIRQ)
    HAL_NVIC_SetPriority                     0x08001009   Thumb Code     8  stm32f0xx_hal_cortex.o(i.HAL_NVIC_SetPriority)
    HAL_RCC_ClockConfig                      0x08001011   Thumb Code   242  stm32f0xx_hal_rcc.o(i.HAL_RCC_ClockConfig)
    HAL_RCC_GetSysClockFreq                  0x08001119   Thumb Code    68  stm32f0xx_hal_rcc.o(i.HAL_RCC_GetSysClockFreq)
    HAL_RCC_OscConfig                        0x0800116d   Thumb Code   890  stm32f0xx_hal_rcc.o(i.HAL_RCC_OscConfig)
    HAL_SYSTICK_Config                       0x080014f5   Thumb Code    38  stm32f0xx_hal_cortex.o(i.HAL_SYSTICK_Config)
    HAL_TIMEx_BreakCallback                  0x08001525   Thumb Code     2  stm32f0xx_hal_tim_ex.o(i.HAL_TIMEx_BreakCallback)
    HAL_TIMEx_CommutCallback                 0x08001527   Thumb Code     2  stm32f0xx_hal_tim_ex.o(i.HAL_TIMEx_CommutCallback)
    HAL_TIMEx_ConfigBreakDeadTime            0x08001529   Thumb Code    94  stm32f0xx_hal_tim_ex.o(i.HAL_TIMEx_ConfigBreakDeadTime)
    HAL_TIMEx_MasterConfigSynchronization    0x08001589   Thumb Code    72  stm32f0xx_hal_tim_ex.o(i.HAL_TIMEx_MasterConfigSynchronization)
    HAL_TIMEx_PWMN_Start                     0x080015d9   Thumb Code   120  stm32f0xx_hal_tim_ex.o(i.HAL_TIMEx_PWMN_Start)
    HAL_TIM_Base_Init                        0x08001659   Thumb Code    72  stm32f0xx_hal_tim.o(i.HAL_TIM_Base_Init)
    HAL_TIM_Base_MspInit                     0x080016a1   Thumb Code    84  tim.o(i.HAL_TIM_Base_MspInit)
    HAL_TIM_Base_Start_IT                    0x08001705   Thumb Code    62  stm32f0xx_hal_tim.o(i.HAL_TIM_Base_Start_IT)
    HAL_TIM_ConfigClockSource                0x0800174d   Thumb Code   220  stm32f0xx_hal_tim.o(i.HAL_TIM_ConfigClockSource)
    HAL_TIM_IC_CaptureCallback               0x08001829   Thumb Code     2  stm32f0xx_hal_tim.o(i.HAL_TIM_IC_CaptureCallback)
    HAL_TIM_IRQHandler                       0x0800182b   Thumb Code   296  stm32f0xx_hal_tim.o(i.HAL_TIM_IRQHandler)
    HAL_TIM_MspPostInit                      0x08001955   Thumb Code   138  tim.o(i.HAL_TIM_MspPostInit)
    HAL_TIM_OC_DelayElapsedCallback          0x080019f1   Thumb Code     2  stm32f0xx_hal_tim.o(i.HAL_TIM_OC_DelayElapsedCallback)
    HAL_TIM_PWM_ConfigChannel                0x080019f3   Thumb Code   208  stm32f0xx_hal_tim.o(i.HAL_TIM_PWM_ConfigChannel)
    HAL_TIM_PWM_Init                         0x08001ac3   Thumb Code    72  stm32f0xx_hal_tim.o(i.HAL_TIM_PWM_Init)
    HAL_TIM_PWM_MspInit                      0x08001b0b   Thumb Code     2  stm32f0xx_hal_tim.o(i.HAL_TIM_PWM_MspInit)
    HAL_TIM_PWM_PulseFinishedCallback        0x08001b0d   Thumb Code     2  stm32f0xx_hal_tim.o(i.HAL_TIM_PWM_PulseFinishedCallback)
    HAL_TIM_PWM_Start                        0x08001b11   Thumb Code   138  stm32f0xx_hal_tim.o(i.HAL_TIM_PWM_Start)
    HAL_TIM_PeriodElapsedCallback            0x08001bad   Thumb Code    54  program.o(i.HAL_TIM_PeriodElapsedCallback)
    HAL_TIM_TriggerCallback                  0x08001bf1   Thumb Code     2  stm32f0xx_hal_tim.o(i.HAL_TIM_TriggerCallback)
    HardFault_Handler                        0x08001bf3   Thumb Code     2  stm32f0xx_it.o(i.HardFault_Handler)
    MX_ADC_Init                              0x08001bf5   Thumb Code   114  adc.o(i.MX_ADC_Init)
    MX_DMA_Init                              0x08001c71   Thumb Code    36  dma.o(i.MX_DMA_Init)
    MX_GPIO_Init                             0x08001c99   Thumb Code   114  gpio.o(i.MX_GPIO_Init)
    MX_TIM14_Init                            0x08001d11   Thumb Code    42  tim.o(i.MX_TIM14_Init)
    MX_TIM1_Init                             0x08001d45   Thumb Code   206  tim.o(i.MX_TIM1_Init)
    MX_TIM3_Init                             0x08001e1d   Thumb Code   150  tim.o(i.MX_TIM3_Init)
    NMI_Handler                              0x08001ec1   Thumb Code     2  stm32f0xx_it.o(i.NMI_Handler)
    PendSV_Handler                           0x08001ec3   Thumb Code     2  stm32f0xx_it.o(i.PendSV_Handler)
    SVC_Handler                              0x08001ec5   Thumb Code     2  stm32f0xx_it.o(i.SVC_Handler)
    State_M                                  0x08001ec9   Thumb Code   222  state_machine.o(i.State_M)
    SysTick_Handler                          0x08001fb5   Thumb Code     8  stm32f0xx_it.o(i.SysTick_Handler)
    SystemClock_Config                       0x08001fbd   Thumb Code    94  main.o(i.SystemClock_Config)
    SystemInit                               0x0800201b   Thumb Code     2  system_stm32f0xx.o(i.SystemInit)
    TIM14_IRQHandler                         0x0800201d   Thumb Code    10  stm32f0xx_it.o(i.TIM14_IRQHandler)
    TIM_Base_SetConfig                       0x0800202d   Thumb Code   114  stm32f0xx_hal_tim.o(i.TIM_Base_SetConfig)
    TIM_CCxChannelCmd                        0x080020b5   Thumb Code    26  stm32f0xx_hal_tim.o(i.TIM_CCxChannelCmd)
    TIM_ETR_SetConfig                        0x080020e9   Thumb Code    22  stm32f0xx_hal_tim.o(i.TIM_ETR_SetConfig)
    TIM_OC2_SetConfig                        0x08002189   Thumb Code   104  stm32f0xx_hal_tim.o(i.TIM_OC2_SetConfig)
    __ARM_common_ll_muluu                    0x0800231d   Thumb Code    48  stm32f0xx_hal_rcc.o(i.__ARM_common_ll_muluu)
    boost_set_low_side_duty_permille         0x080024a1   Thumb Code    44  program.o(i.boost_set_low_side_duty_permille)
    drv_ec11_init                            0x080024d5   Thumb Code    72  drv_ec11.o(i.drv_ec11_init)
    drv_ec11_take_long_press_event           0x0800253d   Thumb Code    14  drv_ec11.o(i.drv_ec11_take_long_press_event)
    drv_ec11_take_rotate_delta               0x0800254b   Thumb Code    16  drv_ec11.o(i.drv_ec11_take_rotate_delta)
    drv_ec11_task                            0x0800255d   Thumb Code   186  drv_ec11.o(i.drv_ec11_task)
    drv_pid_pi_init                          0x0800262d   Thumb Code    36  drv_pid.o(i.drv_pid_pi_init)
    drv_pid_pi_reset                         0x08002651   Thumb Code    38  drv_pid.o(i.drv_pid_pi_reset)
    drv_pid_pi_step                          0x08002677   Thumb Code   108  drv_pid.o(i.drv_pid_pi_step)
    hardware_config                          0x080026f9   Thumb Code    72  program.o(i.hardware_config)
    light_set_dac_duty_permille              0x0800274d   Thumb Code    52  program.o(i.light_set_dac_duty_permille)
    main                                     0x0800278d   Thumb Code    56  main.o(i.main)
    program_task                             0x080027c9   Thumb Code    20  program.o(i.program_task)
    AHBPrescTable                            0x08002910   Data          16  system_stm32f0xx.o(.constdata)
    Region$$Table$$Base                      0x08002920   Number         0  anon$$obj.o(Region$$Table)
    Region$$Table$$Limit                     0x08002940   Number         0  anon$$obj.o(Region$$Table)
    vout_adc_raw                             0x20000004   Data           2  program.o(.data)
    vds_adc_raw                              0x20000006   Data           2  program.o(.data)
    vout_adc_raw_lpf                         0x20000008   Data           2  program.o(.data)
    vds_adc_raw_lpf                          0x2000000a   Data           2  program.o(.data)
    boost_duty_permille                      0x2000000c   Data           2  program.o(.data)
    light_dac_output_permille                0x2000000e   Data           2  program.o(.data)
    light_dac_compare_counts                 0x20000010   Data           2  program.o(.data)
    adc_buffer                               0x20000012   Data           4  program.o(.data)
    vout_pin_mv                              0x20000018   Data           4  program.o(.data)
    vds_pin_mv                               0x2000001c   Data           4  program.o(.data)
    vout_mv                                  0x20000020   Data           4  program.o(.data)
    vds_mv                                   0x20000024   Data           4  program.o(.data)
    vout_mv_lpf                              0x20000028   Data           4  program.o(.data)
    vds_mv_lpf                               0x2000002c   Data           4  program.o(.data)
    tim14_cnt                                0x20000030   Data           4  program.o(.data)
    adc1_cnt                                 0x20000034   Data           4  program.o(.data)
    adc_start_busy_cnt                       0x20000038   Data           4  program.o(.data)
    sys_state                                0x20000044   Data           1  state_machine.o(.data)
    light_dac_target_permille                0x20000046   Data           2  state_machine.o(.data)
    light_rotate_delta                       0x20000048   Data           2  state_machine.o(.data)
    vout_target_mv                           0x2000004c   Data           4  state_machine.o(.data)
    vout_ctrl_ref_mv                         0x20000050   Data           4  state_machine.o(.data)
    vout_ctrl_err_mv                         0x20000054   Data           4  state_machine.o(.data)
    uwTickFreq                               0x20000058   Data           1  stm32f0xx_hal.o(.data)
    uwTickPrio                               0x2000005c   Data           4  stm32f0xx_hal.o(.data)
    uwTick                                   0x20000060   Data           4  stm32f0xx_hal.o(.data)
    SystemCoreClock                          0x20000064   Data           4  system_stm32f0xx.o(.data)
    boost_voltage_debug                      0x20000068   Data          12  program.o(.bss)
    ec11_dev                                 0x20000074   Data          16  drv_ec11.o(.bss)
    vout_pi                                  0x20000084   Data          44  state_machine.o(.bss)
    hadc                                     0x200000b0   Data          64  adc.o(.bss)
    hdma_adc                                 0x200000f0   Data          68  adc.o(.bss)
    htim1                                    0x20000134   Data          72  tim.o(.bss)
    htim3                                    0x2000017c   Data          72  tim.o(.bss)
    htim14                                   0x200001c4   Data          72  tim.o(.bss)
    __libspace_start                         0x2000020c   Data          96  libspace.o(.bss)
    __temporary_stack_top$libspace           0x2000026c   Data           0  libspace.o(.bss)



==============================================================================

Memory Map of the image

  Image Entry point : 0x080000b1

  Load Region LR_IROM1 (Base: 0x08000000, Size: 0x000029a8, Max: 0x00004000, ABSOLUTE)

    Execution Region ER_IROM1 (Exec base: 0x08000000, Load base: 0x08000000, Size: 0x00002940, Max: 0x00004000, ABSOLUTE)

    Exec Addr    Load Addr    Size         Type   Attr      Idx    E Section Name        Object

    0x08000000   0x08000000   0x000000b0   Data   RO            3    RESET               startup_stm32f030x6.o
    0x080000b0   0x080000b0   0x00000008   Code   RO         3190  * !!!main             c_p.l(__main.o)
    0x080000b8   0x080000b8   0x0000003c   Code   RO         3363    !!!scatter          c_p.l(__scatter.o)
    0x080000f4   0x080000f4   0x0000001a   Code   RO         3365    !!handler_copy      c_p.l(__scatter_copy.o)
    0x0800010e   0x0800010e   0x00000002   PAD
    0x08000110   0x08000110   0x0000001c   Code   RO         3367    !!handler_zi        c_p.l(__scatter_zi.o)
    0x0800012c   0x0800012c   0x00000002   Code   RO         3232    .ARM.Collect$$libinit$$00000000  c_p.l(libinit.o)
    0x0800012e   0x0800012e   0x00000000   Code   RO         3246    .ARM.Collect$$libinit$$00000002  c_p.l(libinit2.o)
    0x0800012e   0x0800012e   0x00000000   Code   RO         3248    .ARM.Collect$$libinit$$00000004  c_p.l(libinit2.o)
    0x0800012e   0x0800012e   0x00000000   Code   RO         3251    .ARM.Collect$$libinit$$0000000A  c_p.l(libinit2.o)
    0x0800012e   0x0800012e   0x00000000   Code   RO         3253    .ARM.Collect$$libinit$$0000000C  c_p.l(libinit2.o)
    0x0800012e   0x0800012e   0x00000000   Code   RO         3255    .ARM.Collect$$libinit$$0000000E  c_p.l(libinit2.o)
    0x0800012e   0x0800012e   0x00000000   Code   RO         3258    .ARM.Collect$$libinit$$00000011  c_p.l(libinit2.o)
    0x0800012e   0x0800012e   0x00000000   Code   RO         3260    .ARM.Collect$$libinit$$00000013  c_p.l(libinit2.o)
    0x0800012e   0x0800012e   0x00000000   Code   RO         3262    .ARM.Collect$$libinit$$00000015  c_p.l(libinit2.o)
    0x0800012e   0x0800012e   0x00000000   Code   RO         3264    .ARM.Collect$$libinit$$00000017  c_p.l(libinit2.o)
    0x0800012e   0x0800012e   0x00000000   Code   RO         3266    .ARM.Collect$$libinit$$00000019  c_p.l(libinit2.o)
    0x0800012e   0x0800012e   0x00000000   Code   RO         3268    .ARM.Collect$$libinit$$0000001B  c_p.l(libinit2.o)
    0x0800012e   0x0800012e   0x00000000   Code   RO         3270    .ARM.Collect$$libinit$$0000001D  c_p.l(libinit2.o)
    0x0800012e   0x0800012e   0x00000000   Code   RO         3272    .ARM.Collect$$libinit$$0000001F  c_p.l(libinit2.o)
    0x0800012e   0x0800012e   0x00000000   Code   RO         3274    .ARM.Collect$$libinit$$00000021  c_p.l(libinit2.o)
    0x0800012e   0x0800012e   0x00000000   Code   RO         3276    .ARM.Collect$$libinit$$00000023  c_p.l(libinit2.o)
    0x0800012e   0x0800012e   0x00000000   Code   RO         3278    .ARM.Collect$$libinit$$00000025  c_p.l(libinit2.o)
    0x0800012e   0x0800012e   0x00000000   Code   RO         3282    .ARM.Collect$$libinit$$0000002C  c_p.l(libinit2.o)
    0x0800012e   0x0800012e   0x00000000   Code   RO         3284    .ARM.Collect$$libinit$$0000002E  c_p.l(libinit2.o)
    0x0800012e   0x0800012e   0x00000000   Code   RO         3286    .ARM.Collect$$libinit$$00000030  c_p.l(libinit2.o)
    0x0800012e   0x0800012e   0x00000000   Code   RO         3288    .ARM.Collect$$libinit$$00000032  c_p.l(libinit2.o)
    0x0800012e   0x0800012e   0x00000002   Code   RO         3289    .ARM.Collect$$libinit$$00000033  c_p.l(libinit2.o)
    0x08000130   0x08000130   0x00000002   Code   RO         3320    .ARM.Collect$$libshutdown$$00000000  c_p.l(libshutdown.o)
    0x08000132   0x08000132   0x00000000   Code   RO         3346    .ARM.Collect$$libshutdown$$00000002  c_p.l(libshutdown2.o)
    0x08000132   0x08000132   0x00000000   Code   RO         3348    .ARM.Collect$$libshutdown$$00000004  c_p.l(libshutdown2.o)
    0x08000132   0x08000132   0x00000000   Code   RO         3351    .ARM.Collect$$libshutdown$$00000007  c_p.l(libshutdown2.o)
    0x08000132   0x08000132   0x00000000   Code   RO         3354    .ARM.Collect$$libshutdown$$0000000A  c_p.l(libshutdown2.o)
    0x08000132   0x08000132   0x00000000   Code   RO         3356    .ARM.Collect$$libshutdown$$0000000C  c_p.l(libshutdown2.o)
    0x08000132   0x08000132   0x00000000   Code   RO         3359    .ARM.Collect$$libshutdown$$0000000F  c_p.l(libshutdown2.o)
    0x08000132   0x08000132   0x00000002   Code   RO         3360    .ARM.Collect$$libshutdown$$00000010  c_p.l(libshutdown2.o)
    0x08000134   0x08000134   0x00000000   Code   RO         3192    .ARM.Collect$$rtentry$$00000000  c_p.l(__rtentry.o)
    0x08000134   0x08000134   0x00000000   Code   RO         3202    .ARM.Collect$$rtentry$$00000002  c_p.l(__rtentry2.o)
    0x08000134   0x08000134   0x00000006   Code   RO         3214    .ARM.Collect$$rtentry$$00000004  c_p.l(__rtentry4.o)
    0x0800013a   0x0800013a   0x00000000   Code   RO         3204    .ARM.Collect$$rtentry$$00000009  c_p.l(__rtentry2.o)
    0x0800013a   0x0800013a   0x00000004   Code   RO         3205    .ARM.Collect$$rtentry$$0000000A  c_p.l(__rtentry2.o)
    0x0800013e   0x0800013e   0x00000000   Code   RO         3207    .ARM.Collect$$rtentry$$0000000C  c_p.l(__rtentry2.o)
    0x0800013e   0x0800013e   0x00000008   Code   RO         3208    .ARM.Collect$$rtentry$$0000000D  c_p.l(__rtentry2.o)
    0x08000146   0x08000146   0x00000002   Code   RO         3237    .ARM.Collect$$rtexit$$00000000  c_p.l(rtexit.o)
    0x08000148   0x08000148   0x00000000   Code   RO         3293    .ARM.Collect$$rtexit$$00000002  c_p.l(rtexit2.o)
    0x08000148   0x08000148   0x00000004   Code   RO         3294    .ARM.Collect$$rtexit$$00000003  c_p.l(rtexit2.o)
    0x0800014c   0x0800014c   0x00000006   Code   RO         3295    .ARM.Collect$$rtexit$$00000004  c_p.l(rtexit2.o)
    0x08000152   0x08000152   0x00000002   PAD
    0x08000154   0x08000154   0x00000038   Code   RO            4    .text               startup_stm32f030x6.o
    0x0800018c   0x0800018c   0x00000102   Code   RO         3180    .text               c_p.l(lludiv.o)
    0x0800028e   0x0800028e   0x00000040   Code   RO         3182    .text               c_p.l(rt_memclr.o)
    0x080002ce   0x080002ce   0x0000015a   Code   RO         3184    .text               c_p.l(aeabi_sdiv.o)
    0x08000428   0x08000428   0x00000006   Code   RO         3188    .text               c_p.l(heapauxi.o)
    0x0800042e   0x0800042e   0x0000003e   Code   RO         3218    .text               c_p.l(sys_stackheap_outer.o)
    0x0800046c   0x0800046c   0x00000010   Code   RO         3221    .text               c_p.l(exit.o)
    0x0800047c   0x0800047c   0x00000008   Code   RO         3233    .text               c_p.l(libspace.o)
    0x08000484   0x08000484   0x0000000c   Code   RO         3290    .text               c_p.l(sys_exit.o)
    0x08000490   0x08000490   0x00000002   Code   RO         3309    .text               c_p.l(use_no_semi.o)
    0x08000492   0x08000492   0x00000000   Code   RO         3311    .text               c_p.l(indicate_semi.o)
    0x08000492   0x08000492   0x0000005a   Code   RO          600    i.ADC_ConversionStop  stm32f0xx_hal_adc.o
    0x080004ec   0x080004ec   0x0000006c   Code   RO          601    i.ADC_DMAConvCplt   stm32f0xx_hal_adc.o
    0x08000558   0x08000558   0x0000001a   Code   RO          602    i.ADC_DMAError      stm32f0xx_hal_adc.o
    0x08000572   0x08000572   0x0000000a   Code   RO          603    i.ADC_DMAHalfConvCplt  stm32f0xx_hal_adc.o
    0x0800057c   0x0800057c   0x0000006e   Code   RO          604    i.ADC_Disable       stm32f0xx_hal_adc.o
    0x080005ea   0x080005ea   0x00000002   PAD
    0x080005ec   0x080005ec   0x00000090   Code   RO          605    i.ADC_Enable        stm32f0xx_hal_adc.o
    0x0800067c   0x0800067c   0x00000010   Code   RO          520    i.DMA1_Channel1_IRQHandler  stm32f0xx_it.o
    0x0800068c   0x0800068c   0x00000024   Code   RO         1649    i.DMA_CalcBaseAndBitshift  stm32f0xx_hal_dma.o
    0x080006b0   0x080006b0   0x00000028   Code   RO         1650    i.DMA_SetConfig     stm32f0xx_hal_dma.o
    0x080006d8   0x080006d8   0x00000004   Code   RO          340    i.Error_Handler     main.o
    0x080006dc   0x080006dc   0x000000b8   Code   RO          776    i.HAL_ADCEx_Calibration_Start  stm32f0xx_hal_adc_ex.o
    0x08000794   0x08000794   0x00000110   Code   RO          607    i.HAL_ADC_ConfigChannel  stm32f0xx_hal_adc.o
    0x080008a4   0x080008a4   0x00000030   Code   RO           12    i.HAL_ADC_ConvCpltCallback  program.o
    0x080008d4   0x080008d4   0x00000002   Code   RO          609    i.HAL_ADC_ConvHalfCpltCallback  stm32f0xx_hal_adc.o
    0x080008d6   0x080008d6   0x00000002   Code   RO          611    i.HAL_ADC_ErrorCallback  stm32f0xx_hal_adc.o
    0x080008d8   0x080008d8   0x00000178   Code   RO          616    i.HAL_ADC_Init      stm32f0xx_hal_adc.o
    0x08000a50   0x08000a50   0x00000088   Code   RO          407    i.HAL_ADC_MspInit   adc.o
    0x08000ad8   0x08000ad8   0x000000a0   Code   RO          623    i.HAL_ADC_Start_DMA  stm32f0xx_hal_adc.o
    0x08000b78   0x08000b78   0x00000078   Code   RO          626    i.HAL_ADC_Stop_DMA  stm32f0xx_hal_adc.o
    0x08000bf0   0x08000bf0   0x00000040   Code   RO         1651    i.HAL_DMA_Abort     stm32f0xx_hal_dma.o
    0x08000c30   0x08000c30   0x0000009c   Code   RO         1656    i.HAL_DMA_IRQHandler  stm32f0xx_hal_dma.o
    0x08000ccc   0x08000ccc   0x00000054   Code   RO         1657    i.HAL_DMA_Init      stm32f0xx_hal_dma.o
    0x08000d20   0x08000d20   0x0000006a   Code   RO         1661    i.HAL_DMA_Start_IT  stm32f0xx_hal_dma.o
    0x08000d8a   0x08000d8a   0x00000002   PAD
    0x08000d8c   0x08000d8c   0x000001a4   Code   RO         1590    i.HAL_GPIO_Init     stm32f0xx_hal_gpio.o
    0x08000f30   0x08000f30   0x0000000a   Code   RO         1592    i.HAL_GPIO_ReadPin  stm32f0xx_hal_gpio.o
    0x08000f3a   0x08000f3a   0x0000000c   Code   RO         1594    i.HAL_GPIO_WritePin  stm32f0xx_hal_gpio.o
    0x08000f46   0x08000f46   0x00000002   PAD
    0x08000f48   0x08000f48   0x0000000c   Code   RO          932    i.HAL_GetTick       stm32f0xx_hal.o
    0x08000f54   0x08000f54   0x00000010   Code   RO          938    i.HAL_IncTick       stm32f0xx_hal.o
    0x08000f64   0x08000f64   0x00000020   Code   RO          939    i.HAL_Init          stm32f0xx_hal.o
    0x08000f84   0x08000f84   0x00000044   Code   RO          940    i.HAL_InitTick      stm32f0xx_hal.o
    0x08000fc8   0x08000fc8   0x00000028   Code   RO          580    i.HAL_MspInit       stm32f0xx_hal_msp.o
    0x08000ff0   0x08000ff0   0x00000018   Code   RO         1749    i.HAL_NVIC_EnableIRQ  stm32f0xx_hal_cortex.o
    0x08001008   0x08001008   0x00000008   Code   RO         1753    i.HAL_NVIC_SetPriority  stm32f0xx_hal_cortex.o
    0x08001010   0x08001010   0x00000108   Code   RO          797    i.HAL_RCC_ClockConfig  stm32f0xx_hal_rcc.o
    0x08001118   0x08001118   0x00000054   Code   RO          805    i.HAL_RCC_GetSysClockFreq  stm32f0xx_hal_rcc.o
    0x0800116c   0x0800116c   0x00000388   Code   RO          808    i.HAL_RCC_OscConfig  stm32f0xx_hal_rcc.o
    0x080014f4   0x080014f4   0x00000030   Code   RO         1757    i.HAL_SYSTICK_Config  stm32f0xx_hal_cortex.o
    0x08001524   0x08001524   0x00000002   Code   RO         2881    i.HAL_TIMEx_BreakCallback  stm32f0xx_hal_tim_ex.o
    0x08001526   0x08001526   0x00000002   Code   RO         2882    i.HAL_TIMEx_CommutCallback  stm32f0xx_hal_tim_ex.o
    0x08001528   0x08001528   0x0000005e   Code   RO         2884    i.HAL_TIMEx_ConfigBreakDeadTime  stm32f0xx_hal_tim_ex.o
    0x08001586   0x08001586   0x00000002   PAD
    0x08001588   0x08001588   0x00000050   Code   RO         2900    i.HAL_TIMEx_MasterConfigSynchronization  stm32f0xx_hal_tim_ex.o
    0x080015d8   0x080015d8   0x00000080   Code   RO         2911    i.HAL_TIMEx_PWMN_Start  stm32f0xx_hal_tim_ex.o
    0x08001658   0x08001658   0x00000048   Code   RO         2181    i.HAL_TIM_Base_Init  stm32f0xx_hal_tim.o
    0x080016a0   0x080016a0   0x00000064   Code   RO          465    i.HAL_TIM_Base_MspInit  tim.o
    0x08001704   0x08001704   0x00000048   Code   RO         2186    i.HAL_TIM_Base_Start_IT  stm32f0xx_hal_tim.o
    0x0800174c   0x0800174c   0x000000dc   Code   RO         2190    i.HAL_TIM_ConfigClockSource  stm32f0xx_hal_tim.o
    0x08001828   0x08001828   0x00000002   Code   RO         2215    i.HAL_TIM_IC_CaptureCallback  stm32f0xx_hal_tim.o
    0x0800182a   0x0800182a   0x00000128   Code   RO         2229    i.HAL_TIM_IRQHandler  stm32f0xx_hal_tim.o
    0x08001952   0x08001952   0x00000002   PAD
    0x08001954   0x08001954   0x0000009c   Code   RO          466    i.HAL_TIM_MspPostInit  tim.o
    0x080019f0   0x080019f0   0x00000002   Code   RO         2232    i.HAL_TIM_OC_DelayElapsedCallback  stm32f0xx_hal_tim.o
    0x080019f2   0x080019f2   0x000000d0   Code   RO         2253    i.HAL_TIM_PWM_ConfigChannel  stm32f0xx_hal_tim.o
    0x08001ac2   0x08001ac2   0x00000048   Code   RO         2256    i.HAL_TIM_PWM_Init  stm32f0xx_hal_tim.o
    0x08001b0a   0x08001b0a   0x00000002   Code   RO         2258    i.HAL_TIM_PWM_MspInit  stm32f0xx_hal_tim.o
    0x08001b0c   0x08001b0c   0x00000002   Code   RO         2259    i.HAL_TIM_PWM_PulseFinishedCallback  stm32f0xx_hal_tim.o
    0x08001b0e   0x08001b0e   0x00000002   PAD
    0x08001b10   0x08001b10   0x0000009c   Code   RO         2261    i.HAL_TIM_PWM_Start  stm32f0xx_hal_tim.o
    0x08001bac   0x08001bac   0x00000044   Code   RO           13    i.HAL_TIM_PeriodElapsedCallback  program.o
    0x08001bf0   0x08001bf0   0x00000002   Code   RO         2272    i.HAL_TIM_TriggerCallback  stm32f0xx_hal_tim.o
    0x08001bf2   0x08001bf2   0x00000002   Code   RO          521    i.HardFault_Handler  stm32f0xx_it.o
    0x08001bf4   0x08001bf4   0x0000007c   Code   RO          408    i.MX_ADC_Init       adc.o
    0x08001c70   0x08001c70   0x00000028   Code   RO          444    i.MX_DMA_Init       dma.o
    0x08001c98   0x08001c98   0x00000078   Code   RO          386    i.MX_GPIO_Init      gpio.o
    0x08001d10   0x08001d10   0x00000034   Code   RO          467    i.MX_TIM14_Init     tim.o
    0x08001d44   0x08001d44   0x000000d8   Code   RO          468    i.MX_TIM1_Init      tim.o
    0x08001e1c   0x08001e1c   0x000000a4   Code   RO          469    i.MX_TIM3_Init      tim.o
    0x08001ec0   0x08001ec0   0x00000002   Code   RO          522    i.NMI_Handler       stm32f0xx_it.o
    0x08001ec2   0x08001ec2   0x00000002   Code   RO          523    i.PendSV_Handler    stm32f0xx_it.o
    0x08001ec4   0x08001ec4   0x00000002   Code   RO          524    i.SVC_Handler       stm32f0xx_it.o
    0x08001ec6   0x08001ec6   0x00000002   PAD
    0x08001ec8   0x08001ec8   0x000000ec   Code   RO          285    i.State_M           state_machine.o
    0x08001fb4   0x08001fb4   0x00000008   Code   RO          525    i.SysTick_Handler   stm32f0xx_it.o
    0x08001fbc   0x08001fbc   0x0000005e   Code   RO          341    i.SystemClock_Config  main.o
    0x0800201a   0x0800201a   0x00000002   Code   RO         3145    i.SystemInit        system_stm32f0xx.o
    0x0800201c   0x0800201c   0x00000010   Code   RO          526    i.TIM14_IRQHandler  stm32f0xx_it.o
    0x0800202c   0x0800202c   0x00000088   Code   RO         2274    i.TIM_Base_SetConfig  stm32f0xx_hal_tim.o
    0x080020b4   0x080020b4   0x0000001a   Code   RO         2275    i.TIM_CCxChannelCmd  stm32f0xx_hal_tim.o
    0x080020ce   0x080020ce   0x0000001a   Code   RO         2920    i.TIM_CCxNChannelCmd  stm32f0xx_hal_tim_ex.o
    0x080020e8   0x080020e8   0x00000016   Code   RO         2285    i.TIM_ETR_SetConfig  stm32f0xx_hal_tim.o
    0x080020fe   0x080020fe   0x00000010   Code   RO         2286    i.TIM_ITRx_SetConfig  stm32f0xx_hal_tim.o
    0x0800210e   0x0800210e   0x00000002   PAD
    0x08002110   0x08002110   0x00000078   Code   RO         2287    i.TIM_OC1_SetConfig  stm32f0xx_hal_tim.o
    0x08002188   0x08002188   0x00000074   Code   RO         2288    i.TIM_OC2_SetConfig  stm32f0xx_hal_tim.o
    0x080021fc   0x080021fc   0x00000078   Code   RO         2289    i.TIM_OC3_SetConfig  stm32f0xx_hal_tim.o
    0x08002274   0x08002274   0x00000060   Code   RO         2290    i.TIM_OC4_SetConfig  stm32f0xx_hal_tim.o
    0x080022d4   0x080022d4   0x00000022   Code   RO         2292    i.TIM_TI1_ConfigInputStage  stm32f0xx_hal_tim.o
    0x080022f6   0x080022f6   0x00000026   Code   RO         2294    i.TIM_TI2_ConfigInputStage  stm32f0xx_hal_tim.o
    0x0800231c   0x0800231c   0x00000030   Code   RO          883    i.__ARM_common_ll_muluu  stm32f0xx_hal_rcc.o
    0x0800234c   0x0800234c   0x00000044   Code   RO         1759    i.__NVIC_SetPriority  stm32f0xx_hal_cortex.o
    0x08002390   0x08002390   0x00000024   Code   RO           14    i.adc_raw_lpf_step  program.o
    0x080023b4   0x080023b4   0x000000ec   Code   RO           15    i.adc_update_measurements  program.o
    0x080024a0   0x080024a0   0x00000034   Code   RO           16    i.boost_set_low_side_duty_permille  program.o
    0x080024d4   0x080024d4   0x00000048   Code   RO          230    i.drv_ec11_init     drv_ec11.o
    0x0800251c   0x0800251c   0x00000008   Code   RO          231    i.drv_ec11_pin_to_u8  drv_ec11.o
    0x08002524   0x08002524   0x00000018   Code   RO          232    i.drv_ec11_read_key_pressed  drv_ec11.o
    0x0800253c   0x0800253c   0x0000000e   Code   RO          233    i.drv_ec11_take_long_press_event  drv_ec11.o
    0x0800254a   0x0800254a   0x00000010   Code   RO          234    i.drv_ec11_take_rotate_delta  drv_ec11.o
    0x0800255a   0x0800255a   0x00000002   PAD
    0x0800255c   0x0800255c   0x000000c0   Code   RO          235    i.drv_ec11_task     drv_ec11.o
    0x0800261c   0x0800261c   0x00000010   Code   RO          194    i.drv_pid_clamp_s32  drv_pid.o
    0x0800262c   0x0800262c   0x00000024   Code   RO          195    i.drv_pid_pi_init   drv_pid.o
    0x08002650   0x08002650   0x00000026   Code   RO          196    i.drv_pid_pi_reset  drv_pid.o
    0x08002676   0x08002676   0x0000006c   Code   RO          197    i.drv_pid_pi_step   drv_pid.o
    0x080026e2   0x080026e2   0x00000016   Code   RO          198    i.drv_pid_q15_to_s32_round  drv_pid.o
    0x080026f8   0x080026f8   0x00000054   Code   RO           17    i.hardware_config   program.o
    0x0800274c   0x0800274c   0x00000040   Code   RO           18    i.light_set_dac_duty_permille  program.o
    0x0800278c   0x0800278c   0x0000003c   Code   RO          342    i.main              main.o
    0x080027c8   0x080027c8   0x00000018   Code   RO           19    i.program_task      program.o
    0x080027e0   0x080027e0   0x00000028   Code   RO          286    i.state_machine_apply_light_dac_delta  state_machine.o
    0x08002808   0x08002808   0x00000054   Code   RO          287    i.state_machine_enter_soft_start  state_machine.o
    0x0800285c   0x0800285c   0x00000058   Code   RO          288    i.state_machine_enter_standby  state_machine.o
    0x080028b4   0x080028b4   0x0000002c   Code   RO          289    i.state_machine_update_voltage_loop  state_machine.o
    0x080028e0   0x080028e0   0x00000010   Data   RO          237    .constdata          drv_ec11.o
    0x080028f0   0x080028f0   0x00000020   Data   RO          809    .constdata          stm32f0xx_hal_rcc.o
    0x08002910   0x08002910   0x00000010   Data   RO         3146    .constdata          system_stm32f0xx.o
    0x08002920   0x08002920   0x00000020   Data   RO         3361    Region$$Table       anon$$obj.o


    Execution Region RW_IRAM1 (Exec base: 0x20000000, Load base: 0x08002940, Size: 0x00000870, Max: 0x00001000, ABSOLUTE)

    Exec Addr    Load Addr    Size         Type   Attr      Idx    E Section Name        Object

    0x20000000   0x08002940   0x00000044   Data   RW           21    .data               program.o
    0x20000044   0x08002984   0x00000014   Data   RW          291    .data               state_machine.o
    0x20000058   0x08002998   0x0000000c   Data   RW          946    .data               stm32f0xx_hal.o
    0x20000064   0x080029a4   0x00000004   Data   RW         3148    .data               system_stm32f0xx.o
    0x20000068        -       0x0000000c   Zero   RW           20    .bss                program.o
    0x20000074        -       0x00000010   Zero   RW          236    .bss                drv_ec11.o
    0x20000084        -       0x0000002c   Zero   RW          290    .bss                state_machine.o
    0x200000b0        -       0x00000084   Zero   RW          409    .bss                adc.o
    0x20000134        -       0x000000d8   Zero   RW          470    .bss                tim.o
    0x2000020c        -       0x00000060   Zero   RW         3234    .bss                c_p.l(libspace.o)
    0x2000026c   0x080029a8   0x00000004   PAD
    0x20000270        -       0x00000200   Zero   RW            2    HEAP                startup_stm32f030x6.o
    0x20000470        -       0x00000400   Zero   RW            1    STACK               startup_stm32f030x6.o


==============================================================================

Image component sizes


      Code (inc. data)   RO Data    RW Data    ZI Data      Debug   Object Name

       260         26          0          0        132       1820   adc.o
        40          4          0          0          0        774   dma.o
       326          6         16          0         16       4945   drv_ec11.o
       220          0          0          0          0       3739   drv_pid.o
       120          6          0          0          0        947   gpio.o
       158          4          0          0          0       2016   main.o
       612         98          0         68         12     266230   program.o
        56         26        176          0       1536        656   startup_stm32f030x6.o
       492         58          0         20         44       4424   state_machine.o
       128         26          0         12          0       7353   stm32f0xx_hal.o
      1420         58          0          0          0       9497   stm32f0xx_hal_adc.o
       184          0          0          0          0       1430   stm32f0xx_hal_adc_ex.o
       148         24          0          0          0      10421   stm32f0xx_hal_cortex.o
       486         16          0          0          0       4911   stm32f0xx_hal_dma.o
       442         24          0          0          0       2827   stm32f0xx_hal_gpio.o
        40          6          0          0          0        862   stm32f0xx_hal_msp.o
      1300         52         32          0          0       4118   stm32f0xx_hal_rcc.o
      1830         98          0          0          0      16374   stm32f0xx_hal_tim.o
       332         16          0          0          0       4704   stm32f0xx_hal_tim_ex.o
        48         12          0          0          0       3193   stm32f0xx_it.o
         2          0         16          4          0       1171   system_stm32f0xx.o
       688         68          0          0        216       3928   tim.o

    ----------------------------------------------------------------------
      9350        628        272        104       1956     356340   Object Totals
         0          0         32          0          0          0   (incl. Generated)
        18          0          0          0          0          0   (incl. Padding)

    ----------------------------------------------------------------------

      Code (inc. data)   RO Data    RW Data    ZI Data      Debug   Library Member Name

         8          0          0          0          0         68   __main.o
         0          0          0          0          0          0   __rtentry.o
        12          0          0          0          0          0   __rtentry2.o
         6          0          0          0          0          0   __rtentry4.o
        60          8          0          0          0          0   __scatter.o
        26          0          0          0          0          0   __scatter_copy.o
        28          0          0          0          0          0   __scatter_zi.o
       346          0          0          0          0         92   aeabi_sdiv.o
        16          0          0          0          0         68   exit.o
         6          0          0          0          0        136   heapauxi.o
         0          0          0          0          0          0   indicate_semi.o
         2          0          0          0          0          0   libinit.o
         2          0          0          0          0          0   libinit2.o
         2          0          0          0          0          0   libshutdown.o
         2          0          0          0          0          0   libshutdown2.o
         8          4          0          0         96         68   libspace.o
       258          0          0          0          0         88   lludiv.o
        64          0          0          0          0        108   rt_memclr.o
         2          0          0          0          0          0   rtexit.o
        10          0          0          0          0          0   rtexit2.o
        12          4          0          0          0         60   sys_exit.o
        62          0          0          0          0         80   sys_stackheap_outer.o
         2          0          0          0          0         68   use_no_semi.o

    ----------------------------------------------------------------------
       938         16          0          0        100        836   Library Totals
         4          0          0          0          4          0   (incl. Padding)

    ----------------------------------------------------------------------

      Code (inc. data)   RO Data    RW Data    ZI Data      Debug   Library Name

       934         16          0          0         96        836   c_p.l

    ----------------------------------------------------------------------
       938         16          0          0        100        836   Library Totals

    ----------------------------------------------------------------------

==============================================================================


      Code (inc. data)   RO Data    RW Data    ZI Data      Debug   

     10288        644        272        104       2056     352368   Grand Totals
     10288        644        272        104       2056     352368   ELF Image Totals
     10288        644        272        104          0          0   ROM Totals

==============================================================================

    Total RO  Size (Code + RO Data)                10560 (  10.31kB)
    Total RW  Size (RW Data + ZI Data)              2160 (   2.11kB)
    Total ROM Size (Code + RO Data + RW Data)      10664 (  10.41kB)

==============================================================================

